Archive member included to satisfy reference by file (symbol)

c:/nxp/gcc-10.2-arm32-eabi/bin/../lib/gcc/arm-none-eabi/10.2.0/thumb/v7e-m+fp/hard\libgcc.a(_aeabi_uldivmod.o)
                              Build/obj/OsIf_Timer_System.o (__aeabi_uldivmod)
c:/nxp/gcc-10.2-arm32-eabi/bin/../lib/gcc/arm-none-eabi/10.2.0/thumb/v7e-m+fp/hard\libgcc.a(_udivmoddi4.o)
                              c:/nxp/gcc-10.2-arm32-eabi/bin/../lib/gcc/arm-none-eabi/10.2.0/thumb/v7e-m+fp/hard\libgcc.a(_aeabi_uldivmod.o) (__udivmoddi4)
c:/nxp/gcc-10.2-arm32-eabi/bin/../lib/gcc/arm-none-eabi/10.2.0/thumb/v7e-m+fp/hard\libgcc.a(_dvmd_tls.o)
                              c:/nxp/gcc-10.2-arm32-eabi/bin/../lib/gcc/arm-none-eabi/10.2.0/thumb/v7e-m+fp/hard\libgcc.a(_aeabi_uldivmod.o) (__aeabi_ldiv0)
c:/nxp/gcc-10.2-arm32-eabi/bin/../lib/gcc/arm-none-eabi/10.2.0/../../../../arm-none-eabi/lib/thumb/v7e-m+fp/hard\libg_nano.a(lib_a-memcpy-stub.o)
                              Build/obj/SEGGER_RTT.o (memcpy)
c:/nxp/gcc-10.2-arm32-eabi/bin/../lib/gcc/arm-none-eabi/10.2.0/../../../../arm-none-eabi/lib/thumb/v7e-m+fp/hard\libg_nano.a(lib_a-memset.o)
                              Build/obj/SEGGER_RTT.o (memset)
c:/nxp/gcc-10.2-arm32-eabi/bin/../lib/gcc/arm-none-eabi/10.2.0/../../../../arm-none-eabi/lib/thumb/v7e-m+fp/hard\libg_nano.a(lib_a-strlen.o)
                              Build/obj/SEGGER_RTT.o (strlen)

Discarded input sections

 .group         0x00000000        0xc Build/obj/main.o
 .group         0x00000000        0xc Build/obj/main.o
 .group         0x00000000        0xc Build/obj/main.o
 .group         0x00000000        0xc Build/obj/main.o
 .group         0x00000000        0xc Build/obj/main.o
 .group         0x00000000        0xc Build/obj/main.o
 .group         0x00000000        0xc Build/obj/main.o
 .group         0x00000000        0xc Build/obj/main.o
 .group         0x00000000        0xc Build/obj/main.o
 .group         0x00000000        0xc Build/obj/main.o
 .group         0x00000000        0xc Build/obj/main.o
 .group         0x00000000        0xc Build/obj/main.o
 .group         0x00000000        0xc Build/obj/main.o
 .group         0x00000000        0xc Build/obj/main.o
 .group         0x00000000        0xc Build/obj/main.o
 .group         0x00000000        0xc Build/obj/main.o
 .group         0x00000000        0xc Build/obj/main.o
 .group         0x00000000        0xc Build/obj/main.o
 .group         0x00000000        0xc Build/obj/main.o
 .group         0x00000000        0xc Build/obj/main.o
 .group         0x00000000        0xc Build/obj/main.o
 .group         0x00000000        0xc Build/obj/main.o
 .group         0x00000000        0xc Build/obj/main.o
 .group         0x00000000        0xc Build/obj/main.o
 .group         0x00000000        0xc Build/obj/main.o
 .group         0x00000000        0xc Build/obj/main.o
 .group         0x00000000        0xc Build/obj/main.o
 .group         0x00000000        0xc Build/obj/main.o
 .group         0x00000000        0xc Build/obj/main.o
 .group         0x00000000        0xc Build/obj/main.o
 .group         0x00000000        0xc Build/obj/main.o
 .group         0x00000000        0xc Build/obj/main.o
 .group         0x00000000        0xc Build/obj/main.o
 .group         0x00000000        0xc Build/obj/main.o
 .group         0x00000000        0xc Build/obj/main.o
 .group         0x00000000        0xc Build/obj/main.o
 .group         0x00000000        0xc Build/obj/main.o
 .group         0x00000000        0xc Build/obj/main.o
 .group         0x00000000        0xc Build/obj/main.o
 .group         0x00000000        0xc Build/obj/main.o
 .group         0x00000000        0xc Build/obj/main.o
 .group         0x00000000        0xc Build/obj/main.o
 .group         0x00000000        0xc Build/obj/main.o
 .group         0x00000000        0xc Build/obj/main.o
 .group         0x00000000        0xc Build/obj/main.o
 .group         0x00000000        0xc Build/obj/main.o
 .group         0x00000000        0xc Build/obj/main.o
 .group         0x00000000        0xc Build/obj/main.o
 .group         0x00000000        0xc Build/obj/main.o
 .group         0x00000000        0xc Build/obj/main.o
 .group         0x00000000        0xc Build/obj/main.o
 .group         0x00000000        0xc Build/obj/main.o
 .group         0x00000000        0xc Build/obj/main.o
 .group         0x00000000        0xc Build/obj/main.o
 .group         0x00000000        0xc Build/obj/main.o
 .group         0x00000000        0xc Build/obj/main.o
 .group         0x00000000        0xc Build/obj/main.o
 .group         0x00000000        0xc Build/obj/main.o
 .group         0x00000000        0xc Build/obj/main.o
 .group         0x00000000        0xc Build/obj/main.o
 .group         0x00000000        0xc Build/obj/main.o
 .group         0x00000000        0xc Build/obj/main.o
 .group         0x00000000        0xc Build/obj/main.o
 .group         0x00000000        0xc Build/obj/main.o
 .group         0x00000000        0xc Build/obj/main.o
[...]
Memory Configuration

Name             Origin             Length             Attributes
int_flash_interrupts 0x00000000         0x00000400
int_flash_config 0x00000400         0x00000010
int_flash        0x00000410         0x0007fbf0
int_sram_results 0x1fff8000         0x00000100
int_sram         0x1fff8100         0x0000df00
int_sram_stack_c0 0x20006000         0x00001000
ram_rsvd2        0x20007000         0x00000000
*default*        0x00000000         0xffffffff

Linker script and memory map

LOAD c:/nxp/gcc-10.2-arm32-eabi/bin/../lib/gcc/arm-none-eabi/10.2.0/../../../../arm-none-eabi/lib/thumb/v7e-m+fp/hard\libc_nano.a
LOAD c:/nxp/gcc-10.2-arm32-eabi/bin/../lib/gcc/arm-none-eabi/10.2.0/../../../../arm-none-eabi/lib/thumb/v7e-m+fp/hard\libm.a
LOAD c:/nxp/gcc-10.2-arm32-eabi/bin/../lib/gcc/arm-none-eabi/10.2.0/thumb/v7e-m+fp/hard\libgcc.a
LOAD Build/obj/main.o
LOAD Build/obj/System_Ip.o
LOAD Build/obj/IntCtrl_Ip.o
LOAD Build/obj/Platform_Ipw.o
LOAD Build/obj/Mpu_Ip.o
LOAD Build/obj/Platform.o
LOAD Build/obj/OsIf_Interrupts.o
LOAD Build/obj/OsIf_Timer_System.o
LOAD Build/obj/OsIf_Timer_System_Internal_Systick.o
LOAD Build/obj/OsIf_Timer.o
LOAD Build/obj/Clock_Ip_Selector.o
LOAD Build/obj/Clock_Ip_Data.o
LOAD Build/obj/Power_Ip_SIM.o
LOAD Build/obj/Clock_Ip_Specific.o
LOAD Build/obj/Power_Ip.o
LOAD Build/obj/Clock_Ip_ExtOsc.o
LOAD Build/obj/Clock_Ip.o
LOAD Build/obj/Power_Ip_AEC.o
LOAD Build/obj/Power_Ip_RCM.o
LOAD Build/obj/Mcu.o
LOAD Build/obj/Clock_Ip_Irq.o
LOAD Build/obj/Power_Ip_RCM_Irq.o
LOAD Build/obj/Clock_Ip_Frequency.o
LOAD Build/obj/Mcu_Dem_Wrapper.o
LOAD Build/obj/Clock_Ip_Gate.o
LOAD Build/obj/Power_Ip_CortexM4.o
LOAD Build/obj/Ram_Ip.o
LOAD Build/obj/Clock_Ip_FracDiv.o
LOAD Build/obj/Clock_Ip_DividerTrigger.o
LOAD Build/obj/Clock_Ip_IntOsc.o
LOAD Build/obj/Power_Ip_PMC.o
LOAD Build/obj/Power_Ip_PMC_Irq.o
LOAD Build/obj/Clock_Ip_Monitor.o
LOAD Build/obj/Mcu_Ipw.o
LOAD Build/obj/Clock_Ip_Divider.o
LOAD Build/obj/Power_Ip_Private.o
LOAD Build/obj/Mcu_Ipw_Irq.o
LOAD Build/obj/Power_Ip_SMC.o
LOAD Build/obj/Clock_Ip_ProgFreqSwitch.o
LOAD Build/obj/Clock_Ip_Pll.o
LOAD Build/obj/Port_Ci_Port_Ip.o
LOAD Build/obj/Port.o
LOAD Build/obj/Port_Ipw.o
LOAD Build/obj/Dio_Ipw.o
LOAD Build/obj/Gpio_Dio_Ip.o
LOAD Build/obj/Dio.o
LOAD Build/obj/Lptmr_Gpt_Ip.o
LOAD Build/obj/Gpt.o
LOAD Build/obj/SRtc_Ip.o
LOAD Build/obj/LPit_Gpt_Ip.o
LOAD Build/obj/Ftm_Gpt_Ip.o
LOAD Build/obj/Gpt_Ipw.o
LOAD Build/obj/EcuM.o
LOAD Build/obj/SchM_MemAcc.o
LOAD Build/obj/SchM_Fee.o
LOAD Build/obj/SchM_Icu.o
LOAD Build/obj/SchM_Uart.o
LOAD Build/obj/SchM_Fls.o
LOAD Build/obj/SchM_Eth.o
LOAD Build/obj/SchM_I2c.o
LOAD Build/obj/SchM_I2s.o
LOAD Build/obj/SchM_Crc.o
LOAD Build/obj/SchM_Sent.o
LOAD Build/obj/SchM_Port.o
LOAD Build/obj/SchM_Wdg_43_fs26.o
LOAD Build/obj/SchM_Gpt.o
LOAD Build/obj/SchM_Mcu.o
LOAD Build/obj/SchM_Spi.o
LOAD Build/obj/SchM_Sbc_fs26.o
LOAD Build/obj/SchM_Ocu.o
LOAD Build/obj/SchM_Ocotp.o
LOAD Build/obj/SchM_Ae.o
LOAD Build/obj/SchM_Pwm.o
LOAD Build/obj/SchM_Eth_43_ENET.o
LOAD Build/obj/SchM_Eep.o
LOAD Build/obj/SchM_Mcl.o
LOAD Build/obj/SchM_Lin_43_LPUART_FLEXIO.o
LOAD Build/obj/SchM_CanTrcv_43_AE.o
LOAD Build/obj/SchM_Wdg.o
LOAD Build/obj/SchM_Adc.o
LOAD Build/obj/SchM_Gdu.o
LOAD Build/obj/SchM_Cxpi.o
LOAD Build/obj/SchM_Mem_43_EEP.o
LOAD Build/obj/SchM_Qdec.o
LOAD Build/obj/SchM_Dio.o
LOAD Build/obj/SchM_Iseled.o
LOAD Build/obj/SchM_Rm.o
LOAD Build/obj/SchM_Crypto.o
LOAD Build/obj/SchM_Can.o
LOAD Build/obj/SchM_Dpga.o
LOAD Build/obj/SchM_Platform.o
LOAD Build/obj/SchM_Mem_43_INFLS.o
LOAD Build/obj/SchM_Mem_43_EXFLS.o
LOAD Build/obj/SchM_Can_43_FLEXCAN.o
LOAD Build/obj/Det_stub.o
LOAD Build/obj/Det.o
LOAD Build/obj/startup.o
LOAD Build/obj/nvic.o
LOAD Build/obj/sys_init.o
LOAD Build/obj/system.o
LOAD Build/obj/exceptions.o
LOAD Build/obj/Clock_Ip_PBcfg.o
LOAD Build/obj/Gpt_PBcfg.o
LOAD Build/obj/Mcu_PBcfg.o
LOAD Build/obj/Dio_Cfg.o
LOAD Build/obj/Ram_Ip_Cfg.o
LOAD Build/obj/SRtc_Ip_PBcfg.o
LOAD Build/obj/Port_Ci_Port_Ip_PBcfg.o
LOAD Build/obj/Port_PBcfg.o
LOAD Build/obj/Mpu_Ip_Cfg.o
LOAD Build/obj/Gpt_Ipw_PBcfg.o
LOAD Build/obj/Platform_Cfg.o
LOAD Build/obj/Ftm_Gpt_Ip_PBcfg.o
LOAD Build/obj/OsIf_Cfg.o
LOAD Build/obj/Power_Ip_Cfg.o
LOAD Build/obj/Clock_Ip_Cfg.o
LOAD Build/obj/Gpt_Cfg.o
LOAD Build/obj/Mcu_Cfg.o
LOAD Build/obj/IntCtrl_Ip_Cfg.o
LOAD Build/obj/Port_Cfg.o
LOAD Build/obj/Lptmr_Gpt_Ip_PBcfg.o
LOAD Build/obj/Platform_Ipw_Cfg.o
LOAD Build/obj/LPit_Gpt_Ip_PBcfg.o
LOAD Build/obj/Ram_Ip_PBcfg.o
LOAD Build/obj/Power_Ip_PBcfg.o
LOAD Build/obj/SEGGER_RTT_printf.o
LOAD Build/obj/SEGGER_RTT.o
LOAD Build/obj/SEGGER_SYSVIEW.o
LOAD Build/obj/Vector_Table.o
LOAD Build/obj/startup_cm4.o
START GROUP
LOAD c:/nxp/gcc-10.2-arm32-eabi/bin/../lib/gcc/arm-none-eabi/10.2.0/thumb/v7e-m+fp/hard\libgcc.a
LOAD c:/nxp/gcc-10.2-arm32-eabi/bin/../lib/gcc/arm-none-eabi/10.2.0/../../../../arm-none-eabi/lib/thumb/v7e-m+fp/hard\libg_nano.a
LOAD c:/nxp/gcc-10.2-arm32-eabi/bin/../lib/gcc/arm-none-eabi/10.2.0/../../../../arm-none-eabi/lib/thumb/v7e-m+fp/hard\libc_nano.a
END GROUP
START GROUP
LOAD c:/nxp/gcc-10.2-arm32-eabi/bin/../lib/gcc/arm-none-eabi/10.2.0/thumb/v7e-m+fp/hard\libgcc.a
LOAD c:/nxp/gcc-10.2-arm32-eabi/bin/../lib/gcc/arm-none-eabi/10.2.0/../../../../arm-none-eabi/lib/thumb/v7e-m+fp/hard\libc_nano.a
LOAD c:/nxp/gcc-10.2-arm32-eabi/bin/../lib/gcc/arm-none-eabi/10.2.0/../../../../arm-none-eabi/lib/thumb/v7e-m+fp/hard\libnosys.a
END GROUP
START GROUP
LOAD c:/nxp/gcc-10.2-arm32-eabi/bin/../lib/gcc/arm-none-eabi/10.2.0/thumb/v7e-m+fp/hard\libgcc.a
LOAD c:/nxp/gcc-10.2-arm32-eabi/bin/../lib/gcc/arm-none-eabi/10.2.0/../../../../arm-none-eabi/lib/thumb/v7e-m+fp/hard\libc_nano.a
LOAD c:/nxp/gcc-10.2-arm32-eabi/bin/../lib/gcc/arm-none-eabi/10.2.0/../../../../arm-none-eabi/lib/thumb/v7e-m+fp/hard\libnosys.a
END GROUP
                0x00000200                HEAP_SIZE = DEFINED (__heap_size__)?__heap_size__:0x200

.flash_interrupts
                0x00000000      0x310
                0x00000000                . = ALIGN (0x800)
                0x00000000                __interrupts_rom_start = .
 *(.intc_vector)
 .intc_vector   0x00000000      0x310 Build/obj/Vector_Table.o
                0x00000000                VTABLE
                0x00000310                . = ALIGN (0x4)
                0x00000310                __interrupts_rom_end = .

.flash_config   0x00000400       0x10
 *(.flash_config)
 .flash_config  0x00000400       0x10 Build/obj/startup_cm4.o

.flash          0x00000410     0xaf80
                0x00000410                . = ALIGN (0x4)
 *(.startup)
 .startup       0x00000410       0xb8 Build/obj/startup_cm4.o
                0x00000410                Reset_Handler
                0x00000410                _start
                0x00000494                MCAL_LTB_TRACE_OFF
                0x00000496                _end_of_eunit_test
                0x000004c8                . = ALIGN (0x4)
 *(.systeminit)
 .systeminit    0x000004c8       0xda Build/obj/system.o
                0x000004c8                SystemInit
 .systeminit    0x000005a2        0x2 Build/obj/exceptions.o
                0x000005a2                NMI_Handler
                0x000005a4                . = ALIGN (0x4)
 *(.text.startup)
                0x000005a4                . = ALIGN (0x4)
 *(.text)
 .text          0x000005a4       0x30 c:/nxp/gcc-10.2-arm32-eabi/bin/../lib/gcc/arm-none-eabi/10.2.0/thumb/v7e-m+fp/hard\libgcc.a(_aeabi_uldivmod.o)
                0x000005a4                __aeabi_uldivmod
 .text          0x000005d4      0x2d8 c:/nxp/gcc-10.2-arm32-eabi/bin/../lib/gcc/arm-none-eabi/10.2.0/thumb/v7e-m+fp/hard\libgcc.a(_udivmoddi4.o)
                0x000005d4                __udivmoddi4
 .text          0x000008ac        0x4 c:/nxp/gcc-10.2-arm32-eabi/bin/../lib/gcc/arm-none-eabi/10.2.0/thumb/v7e-m+fp/hard\libgcc.a(_dvmd_tls.o)
                0x000008ac                __aeabi_idiv0
                0x000008ac                __aeabi_ldiv0
 *(.text*)
 .text.main     0x000008b0       0x34 Build/obj/main.o
                0x000008b0                main
 .text.EcuM_Init
                0x000008e4       0x30 Build/obj/main.o
                0x000008e4                EcuM_Init
 .text.Gpt_Ipw_FtmGetTimeElapsed
                0x00000914       0xc4 Build/obj/Gpt_Ipw.o
 .text.Port_schm_read_msr
                0x000009d8       0x12 Build/obj/SchM_Port.o
                0x000009d8                Port_schm_read_msr
 .text.Gpt_schm_read_msr
                0x000009ea       0x12 Build/obj/SchM_Gpt.o
                0x000009ea                Gpt_schm_read_msr
 .text.Mcu_schm_read_msr
                0x000009fc       0x12 Build/obj/SchM_Mcu.o
                0x000009fc                Mcu_schm_read_msr
 .text.Dio_schm_read_msr
                0x00000a0e       0x12 Build/obj/SchM_Dio.o
                0x00000a0e                Dio_schm_read_msr
 .text.init_data_bss
                0x00000a20      0x12c Build/obj/startup.o
                0x00000a20                init_data_bss
 .text.sys_m4_cache_init
                0x00000b4c       0x5c Build/obj/system.o
 .text.startup_go_to_user_mode
                0x00000ba8        0x4 Build/obj/system.o
                0x00000ba8                startup_go_to_user_mode
 .text.Sys_GetCoreID
                0x00000bac        0x6 Build/obj/system.o
                0x00000bac                Sys_GetCoreID
 .text.HardFault_Handler
                0x00000bb2        0x2 Build/obj/exceptions.o
                0x00000bb2                HardFault_Handler
 .text.MemManage_Handler
                0x00000bb4        0x2 Build/obj/exceptions.o
                0x00000bb4                MemManage_Handler
 .text.BusFault_Handler
                0x00000bb6        0x2 Build/obj/exceptions.o
                0x00000bb6                BusFault_Handler
 .text.UsageFault_Handler
                0x00000bb8        0x2 Build/obj/exceptions.o
                0x00000bb8                UsageFault_Handler
 .text.SVC_Handler
                0x00000bba        0x2 Build/obj/exceptions.o
                0x00000bba                SVC_Handler
 .text.DebugMon_Handler
                0x00000bbc        0x2 Build/obj/exceptions.o
                0x00000bbc                DebugMon_Handler
 .text.PendSV_Handler
                0x00000bbe        0x2 Build/obj/exceptions.o
                0x00000bbe                PendSV_Handler
 .text.SysTick_Handler
                0x00000bc0        0x2 Build/obj/exceptions.o
                0x00000bc0                SysTick_Handler
 .text.undefined_handler
                0x00000bc2        0x2 Build/obj/exceptions.o
                0x00000bc2                undefined_handler
                0x00000bc4                . = ALIGN (0x4)
 *(.mcal_text)
 .mcal_text     0x00000bc4       0xf8 Build/obj/OsIf_Timer_System.o
                0x00000bc4                OsIf_Timer_System_Init
                0x00000bfc                OsIf_Timer_System_GetCounter
                0x00000c18                OsIf_Timer_System_GetElapsed
                0x00000c38                OsIf_Timer_System_SetTimerFrequency
                0x00000c54                OsIf_Timer_System_MicrosToTicks
 .mcal_text     0x00000cbc       0x84 Build/obj/OsIf_Timer_System_Internal_Systick.o
                0x00000cbc                OsIf_Timer_System_Internal_Init
                0x00000ce4                OsIf_Timer_System_Internal_GetCounter
                0x00000cf4                OsIf_Timer_System_Internal_GetElapsed
 .mcal_text     0x00000d40      0x10a Build/obj/OsIf_Timer.o
                0x00000d68                OsIf_Init
                0x00000d7a                OsIf_GetCounter
                0x00000dac                OsIf_GetElapsed
                0x00000de4                OsIf_SetTimerFrequency
                0x00000e12                OsIf_MicrosToTicks
 *fill*         0x00000e4a        0x2 
 .mcal_text     0x00000e4c      0x744 Build/obj/Clock_Ip_Selector.o
                0x00001044                Clock_Ip_ResetScgRunSel_TrustedCall
                0x00001080                Clock_Ip_SetScgRunSel_TrustedCall
                0x000010c0                Clock_Ip_SetScgVlprSel_TrustedCall
                0x00001100                Clock_Ip_ResetScgHsrunSel_TrustedCall
                0x0000113c                Clock_Ip_SetScgHsrunSel_TrustedCall
                0x0000117c                Clock_Ip_ResetSimRtcSel_TrustedCall
                0x000011b4                Clock_Ip_SetSimRtcSel_TrustedCall
                0x000011f0                Clock_Ip_ResetSimLpoSel_TrustedCall
                0x00001228                Clock_Ip_SetSimLpoSel_TrustedCall
                0x00001264                Clock_Ip_ResetScgClkoutSel_TrustedCall
                0x0000129c                Clock_Ip_SetScgClkoutSel_TrustedCall
                0x000012d8                Clock_Ip_ResetSimFtmoptSel_TrustedCall
                0x0000136c                Clock_Ip_SetSimFtmoptSel_TrustedCall
                0x00001404                Clock_Ip_ResetSimClkoutSel_TrustedCall
                0x00001428                Clock_Ip_SetSimClkoutSel_TrustedCall
                0x00001464                Clock_Ip_ResetPccPcsSelect_TrustedCall
                0x000014b4                Clock_Ip_SetPccPcsSelect_TrustedCall
                0x00001514                Clock_Ip_ResetSimTraceSel_TrustedCall
                0x00001550                Clock_Ip_SetSimTraceSel_TrustedCall
 .mcal_text     0x00001590      0xe34 Build/obj/Clock_Ip_Specific.o
                0x00001660                SetFircToResetValue_TrustedCall
                0x00001680                SetSimLpoclksRegister_TrustedCall
                0x00002140                Clock_Ip_ClockPowerModeChangeNotification
                0x00002380                Clock_Ip_Command
 .mcal_text     0x000023c4       0xf0 Build/obj/Power_Ip.o
                0x000023c4                Power_Ip_SetMode
                0x00002430                Power_Ip_GetResetReason
                0x0000244c                Power_Ip_GetResetRawValue
                0x00002460                Power_Ip_Init
                0x0000248c                Power_Ip_DisableSleepOnExit
                0x00002496                Power_Ip_EnableSleepOnExit
                0x000024a0                Power_Ip_InstallNotificationsCallback
 .mcal_text     0x000024b4      0x2a0 Build/obj/Clock_Ip_ExtOsc.o
                0x000025ae                Clock_Ip_ResetSOSC_TrustedCall
                0x000025fc                Clock_Ip_SetSOSC_TrustedCall
                0x0000270c                Clock_Ip_DisableSOSC_TrustedCall
                0x0000272c                Clock_Ip_EnableSOSC_TrustedCall
 .mcal_text     0x00002754      0xe74 Build/obj/Clock_Ip.o
                0x00002a68                Clock_Ip_Init
                0x00002aa8                Clock_Ip_InitClock
                0x0000316c                Clock_Ip_GetPllStatus
                0x00003274                Clock_Ip_DistributePll
                0x000033f8                Clock_Ip_DisableClockMonitor
                0x0000343c                Clock_Ip_InstallNotificationsCallback
                0x00003450                Clock_Ip_DisableModuleClock
                0x00003494                Clock_Ip_EnableModuleClock
                0x000034d8                Clock_Ip_PowerModeChangeNotification
                0x00003534                Clock_Ip_ReportClockErrors
                0x00003554                Clock_Ip_StartTimeout
                0x00003588                Clock_Ip_TimeoutExpired
 .mcal_text     0x000035c8      0x118 Build/obj/Power_Ip_RCM.o
                0x000035c8                Power_Ip_RCM_ResetInit
                0x000035f4                Power_Ip_RCM_GetResetReason
                0x000036a4                Power_Ip_RCM_GetResetRawValue
 .mcal_text     0x000036e0      0x194 Build/obj/Mcu.o
                0x000036e0                Mcu_Init
                0x00003774                Mcu_InitRamSection
                0x00003788                Mcu_InitClock
                0x000037d0                Mcu_SetMode
                0x00003814                Mcu_GetPllStatus
                0x00003822                Mcu_GetResetReason
                0x00003836                Mcu_GetResetRawValue
                0x0000384a                Mcu_SleepOnExit
                0x0000385e                Mcu_ClkSrcFailureNotification
 .mcal_text     0x00003874        0xc Build/obj/Clock_Ip_Frequency.o
                0x00003874                Clock_Ip_SetExternalSignalFrequency
 .mcal_text     0x00003880      0x370 Build/obj/Clock_Ip_Gate.o
                0x00003a7a                Clock_Ip_ClockSetSimLPO1KEnable_TrustedCall
                0x00003aa8                Clock_Ip_ClockSetSimLPO32KEnable_TrustedCall
                0x00003ad8                Clock_Ip_ClockSetSimClkoutEnable_TrustedCall
                0x00003b08                Clock_Ip_ClockSetPccCgcEnable_TrustedCall
                0x00003b64                Clock_Ip_ClockSetSimGate_TrustedCall
                0x00003bbc                Clock_Ip_ClockSetSimTraceEnable_TrustedCall
 .mcal_text     0x00003bf0       0xa0 Build/obj/Power_Ip_CortexM4.o
                0x00003bf0                Power_Ip_CM4_DisableSleepOnExit
                0x00003c18                Power_Ip_CM4_EnableSleepOnExit
                0x00003c40                Power_Ip_CM4_EnableDeepSleep
                0x00003c68                Power_Ip_CM4_DisableDeepSleep
 .mcal_text     0x00003c90       0x16 Build/obj/Clock_Ip_FracDiv.o
 .mcal_text     0x00003ca6        0xa Build/obj/Clock_Ip_DividerTrigger.o
 .mcal_text     0x00003cb0      0x750 Build/obj/Clock_Ip_IntOsc.o
                0x00003e78                Clock_Ip_SetSirc_TrustedCall
                0x00003f90                Clock_Ip_EnableSirc_TrustedCall
                0x00004020                Clock_Ip_DisableSirc_TrustedCall
                0x00004050                Clock_Ip_SetSircVlp_TrustedCall
                0x00004098                Clock_Ip_EnableSircVlp_TrustedCall
                0x000040c0                Clock_Ip_DisableSircVlp_TrustedCall
                0x000040e0                Clock_Ip_SetSircStop_TrustedCall
                0x00004128                Clock_Ip_EnableSircStop_TrustedCall
                0x00004150                Clock_Ip_DisableSircStop_TrustedCall
                0x00004170                Clock_Ip_SetFirc_TrustedCall
                0x00004358                Clock_Ip_EnableFirc_TrustedCall
                0x000043e0                Clock_Ip_DisableFirc_TrustedCall
 .mcal_text     0x00004400       0x8c Build/obj/Power_Ip_PMC.o
                0x00004400                Power_Ip_PMC_PowerInit
 .mcal_text     0x0000448c       0x20 Build/obj/Clock_Ip_Monitor.o
 .mcal_text     0x000044ac       0x72 Build/obj/Mcu_Ipw.o
                0x000044ac                Mcu_Ipw_Init
                0x000044c0                Mcu_Ipw_InitClock
                0x000044d4                Mcu_Ipw_SetMode
                0x000044e8                Mcu_Ipw_GetResetReason
                0x000044f4                Mcu_Ipw_GetResetRawValue
                0x00004500                Mcu_Ipw_SleepOnExit
 *fill*         0x0000451e        0x2 
 .mcal_text     0x00004520      0x4d0 Build/obj/Clock_Ip_Divider.o
                0x00004696                Clock_Ip_SetScgAsyncDiv1_TrustedCall
                0x000046f0                Clock_Ip_SetScgAsyncDiv2_TrustedCall
                0x0000474c                Clock_Ip_SetScgRunDivcore_TrustedCall
                0x0000477c                Clock_Ip_SetScgRunDivbus_TrustedCall
                0x000047ac                Clock_Ip_SetScgRunDivslow_TrustedCall
                0x000047dc                Clock_Ip_SetScgVlprDivcore_TrustedCall
                0x0000480c                Clock_Ip_SetScgVlprDivbus_TrustedCall
                0x0000483c                Clock_Ip_SetScgVlprDivslow_TrustedCall
                0x0000486c                Clock_Ip_SetScgHsrunDivcore_TrustedCall
                0x0000489c                Clock_Ip_SetScgHsrunDivbus_TrustedCall
                0x000048cc                Clock_Ip_SetScgHsrunDivslow_TrustedCall
                0x000048fc                Clock_Ip_SetSimClkoutDiv_TrustedCall
                0x00004930                Clock_Ip_SetPccPcdDivFrac_TrustedCall
                0x000049a4                Clock_Ip_SetSimTraceDivMul_TrustedCall
 .mcal_text     0x000049f0       0xac Build/obj/Power_Ip_Private.o
                0x000049f0                Power_Ip_ReportPowerErrors
                0x00004a18                Power_Ip_ReportPowerErrorsEmptyCallback
                0x00004a28                Power_Ip_StartTimeout
                0x00004a5c                Power_Ip_TimeoutExpired
 .mcal_text     0x00004a9c      0x21c Build/obj/Power_Ip_SMC.o
                0x00004a9c                Power_Ip_SMC_AllowedModesConfig
                0x00004ab8                Power_Ip_SMC_ModeCheckEntry
                0x00004b1c                Power_Ip_SMC_ModeConfig
 .mcal_text     0x00004cb8        0xc Build/obj/Clock_Ip_ProgFreqSwitch.o
 .mcal_text     0x00004cc4      0x254 Build/obj/Clock_Ip_Pll.o
                0x00004dd6                Clock_Ip_ResetSpll_TrustedCall
                0x00004e44                Clock_Ip_SetSpll_TrustedCall
                0x00004ec0                Clock_Ip_DisableSpll_TrustedCall
                0x00004ef0                Clock_Ip_EnableSpll_TrustedCall
 .mcal_text     0x00004f18      0x4f4 Build/obj/Port_Ci_Port_Ip.o
                0x00005014                Port_Ci_Port_Ip_ConfigureInterleave
                0x0000524c                Port_Ci_Port_Ip_Init
                0x00005288                Port_Ci_Port_Ip_SetMuxModeSel
                0x000052d8                Port_Ci_Port_Ip_EnableDigitalFilter
                0x00005306                Port_Ci_Port_Ip_DisableDigitalFilter
                0x00005336                Port_Ci_Port_Ip_ConfigDigitalFilter
                0x0000535e                Port_Ci_Port_Ip_SetGlobalPinControl
 .mcal_text     0x0000540c       0x38 Build/obj/Port.o
                0x0000540c                Port_Init
                0x00005430                Port_RefreshPortDirection
 .mcal_text     0x00005444      0x4fc Build/obj/Port_Ipw.o
                0x000056b8                Port_Ipw_Init
                0x00005768                Port_Ipw_RefreshPortDirection
 .mcal_text     0x00005940      0x1f8 Build/obj/Dio_Ipw.o
                0x00005940                Dio_Ipw_ReadChannel
                0x0000598c                Dio_Ipw_WriteChannel
                0x000059d8                Dio_Ipw_FlipChannel
                0x00005a44                Dio_Ipw_ReadPort
                0x00005a74                Dio_Ipw_WritePort
                0x00005aa4                Dio_Ipw_ReadChannelGroup
                0x00005ae4                Dio_Ipw_WriteChannelGroup
 .mcal_text     0x00005b38       0xec Build/obj/Gpio_Dio_Ip.o
                0x00005b38                Gpio_Dio_Ip_WritePin
                0x00005b82                Gpio_Dio_Ip_WritePins
                0x00005b94                Gpio_Dio_Ip_GetPinsOutput
                0x00005baa                Gpio_Dio_Ip_SetPins
                0x00005bbc                Gpio_Dio_Ip_ClearPins
                0x00005bce                Gpio_Dio_Ip_TogglePins
                0x00005be0                Gpio_Dio_Ip_ReadPins
                0x00005bf6                Gpio_Dio_Ip_ReadPin
 .mcal_text     0x00005c24       0xfa Build/obj/Dio.o
                0x00005c24                Dio_ReadChannel
                0x00005c50                Dio_WriteChannel
                0x00005c7a                Dio_FlipChannel
                0x00005ca6                Dio_ReadPort
                0x00005cca                Dio_WritePort
                0x00005cea                Dio_ReadChannelGroup
                0x00005d06                Dio_WriteChannelGroup
 *fill*         0x00005d1e        0x2 
 .mcal_text     0x00005d20      0x834 Build/obj/Gpt.o
                0x00005dc8                Gpt_Init
                0x00005ea0                Gpt_DeInit
                0x00005fbc                Gpt_GetTimeElapsed
                0x000060a8                Gpt_GetTimeRemaining
                0x000061a0                Gpt_StartTimer
                0x0000627c                Gpt_StopTimer
                0x0000637c                Gpt_EnableNotification
                0x000063f4                Gpt_DisableNotification
                0x000064a0                Gpt_ProcessCommonInterrupt
 .mcal_text     0x00006554      0x6c8 Build/obj/Ftm_Gpt_Ip.o
                0x000068e6                Ftm_Gpt_Ip_Init
                0x00006968                Ftm_Gpt_Ip_InitChannel
                0x000069be                Ftm_Gpt_Ip_Deinit
                0x00006a58                Ftm_Gpt_Ip_StartCounting
                0x00006af8                Ftm_Gpt_Ip_StartTimer
                0x00006b48                Ftm_Gpt_Ip_StopTimer
                0x00006b72                Ftm_Gpt_Ip_EnableChannelInterrupt
                0x00006bac                Ftm_Gpt_Ip_DisableChannelInterrupt
                0x00006be6                Ftm_Gpt_Ip_SetHalfCycleReloadPoint
 .mcal_text     0x00006c1c      0x204 Build/obj/Gpt_Ipw.o
                0x00006cac                Gpt_Ipw_InitInstances
                0x00006d1a                Gpt_Ipw_Init
                0x00006d44                Gpt_Ipw_StartTimer
                0x00006d82                Gpt_Ipw_GetTimeElapsed
                0x00006dae                Gpt_Ipw_StopTimer
                0x00006dd8                Gpt_Ipw_EnableInterrupt
                0x00006dea                Gpt_Ipw_DeInit
                0x00006e0e                Gpt_Ipw_DisableInterrupt
 .mcal_text     0x00006e20     0x11f0 Build/obj/SchM_Port.o
                0x00006e20                SchM_Enter_Port_PORT_EXCLUSIVE_AREA_00
                0x00006e78                SchM_Exit_Port_PORT_EXCLUSIVE_AREA_00
                0x00006ec4                SchM_Enter_Port_PORT_EXCLUSIVE_AREA_01
                0x00006f1c                SchM_Exit_Port_PORT_EXCLUSIVE_AREA_01
                0x00006f68                SchM_Enter_Port_PORT_EXCLUSIVE_AREA_02
                0x00006fc0                SchM_Exit_Port_PORT_EXCLUSIVE_AREA_02
                0x0000700c                SchM_Enter_Port_PORT_EXCLUSIVE_AREA_03
                0x00007064                SchM_Exit_Port_PORT_EXCLUSIVE_AREA_03
                0x000070b0                SchM_Enter_Port_PORT_EXCLUSIVE_AREA_04
                0x00007108                SchM_Exit_Port_PORT_EXCLUSIVE_AREA_04
                0x00007154                SchM_Enter_Port_PORT_EXCLUSIVE_AREA_05
                0x000071ac                SchM_Exit_Port_PORT_EXCLUSIVE_AREA_05
                0x000071f8                SchM_Enter_Port_PORT_EXCLUSIVE_AREA_06
                0x00007250                SchM_Exit_Port_PORT_EXCLUSIVE_AREA_06
                0x0000729c                SchM_Enter_Port_PORT_EXCLUSIVE_AREA_07
                0x000072f4                SchM_Exit_Port_PORT_EXCLUSIVE_AREA_07
                0x00007340                SchM_Enter_Port_PORT_EXCLUSIVE_AREA_08
                0x00007398                SchM_Exit_Port_PORT_EXCLUSIVE_AREA_08
                0x000073e4                SchM_Enter_Port_PORT_EXCLUSIVE_AREA_09
                0x0000743c                SchM_Exit_Port_PORT_EXCLUSIVE_AREA_09
                0x00007488                SchM_Enter_Port_PORT_EXCLUSIVE_AREA_10
                0x000074e0                SchM_Exit_Port_PORT_EXCLUSIVE_AREA_10
                0x0000752c                SchM_Enter_Port_PORT_EXCLUSIVE_AREA_11
                0x00007584                SchM_Exit_Port_PORT_EXCLUSIVE_AREA_11
                0x000075d0                SchM_Enter_Port_PORT_EXCLUSIVE_AREA_12
                0x00007628                SchM_Exit_Port_PORT_EXCLUSIVE_AREA_12
                0x00007674                SchM_Enter_Port_PORT_EXCLUSIVE_AREA_13
                0x000076cc                SchM_Exit_Port_PORT_EXCLUSIVE_AREA_13
                0x00007718                SchM_Enter_Port_PORT_EXCLUSIVE_AREA_14
                0x00007770                SchM_Exit_Port_PORT_EXCLUSIVE_AREA_14
                0x000077bc                SchM_Enter_Port_PORT_EXCLUSIVE_AREA_15
                0x00007814                SchM_Exit_Port_PORT_EXCLUSIVE_AREA_15
                0x00007860                SchM_Enter_Port_PORT_EXCLUSIVE_AREA_16
                0x000078b8                SchM_Exit_Port_PORT_EXCLUSIVE_AREA_16
                0x00007904                SchM_Enter_Port_PORT_EXCLUSIVE_AREA_17
                0x0000795c                SchM_Exit_Port_PORT_EXCLUSIVE_AREA_17
                0x000079a8                SchM_Enter_Port_PORT_EXCLUSIVE_AREA_18
                0x00007a00                SchM_Exit_Port_PORT_EXCLUSIVE_AREA_18
                0x00007a4c                SchM_Enter_Port_PORT_EXCLUSIVE_AREA_19
                0x00007aa4                SchM_Exit_Port_PORT_EXCLUSIVE_AREA_19
                0x00007af0                SchM_Enter_Port_PORT_EXCLUSIVE_AREA_20
                0x00007b48                SchM_Exit_Port_PORT_EXCLUSIVE_AREA_20
                0x00007b94                SchM_Enter_Port_PORT_EXCLUSIVE_AREA_21
                0x00007bec                SchM_Exit_Port_PORT_EXCLUSIVE_AREA_21
                0x00007c38                SchM_Enter_Port_PORT_EXCLUSIVE_AREA_22
                0x00007c90                SchM_Exit_Port_PORT_EXCLUSIVE_AREA_22
                0x00007cdc                SchM_Enter_Port_PORT_EXCLUSIVE_AREA_23
                0x00007d34                SchM_Exit_Port_PORT_EXCLUSIVE_AREA_23
                0x00007d80                SchM_Enter_Port_PORT_EXCLUSIVE_AREA_24
                0x00007dd8                SchM_Exit_Port_PORT_EXCLUSIVE_AREA_24
                0x00007e24                SchM_Enter_Port_PORT_EXCLUSIVE_AREA_25
                0x00007e7c                SchM_Exit_Port_PORT_EXCLUSIVE_AREA_25
                0x00007ec8                SchM_Enter_Port_PORT_EXCLUSIVE_AREA_26
                0x00007f20                SchM_Exit_Port_PORT_EXCLUSIVE_AREA_26
                0x00007f6c                SchM_Enter_Port_PORT_EXCLUSIVE_AREA_27
                0x00007fc4                SchM_Exit_Port_PORT_EXCLUSIVE_AREA_27
 .mcal_text     0x00008010     0x2150 Build/obj/SchM_Gpt.o
                0x00008010                SchM_Enter_Gpt_GPT_EXCLUSIVE_AREA_00
                0x00008068                SchM_Exit_Gpt_GPT_EXCLUSIVE_AREA_00
                0x000080b4                SchM_Enter_Gpt_GPT_EXCLUSIVE_AREA_01
                0x0000810c                SchM_Exit_Gpt_GPT_EXCLUSIVE_AREA_01
                0x00008158                SchM_Enter_Gpt_GPT_EXCLUSIVE_AREA_02
                0x000081b0                SchM_Exit_Gpt_GPT_EXCLUSIVE_AREA_02
                0x000081fc                SchM_Enter_Gpt_GPT_EXCLUSIVE_AREA_03
                0x00008254                SchM_Exit_Gpt_GPT_EXCLUSIVE_AREA_03
                0x000082a0                SchM_Enter_Gpt_GPT_EXCLUSIVE_AREA_04
                0x000082f8                SchM_Exit_Gpt_GPT_EXCLUSIVE_AREA_04
                0x00008344                SchM_Enter_Gpt_GPT_EXCLUSIVE_AREA_05
                0x0000839c                SchM_Exit_Gpt_GPT_EXCLUSIVE_AREA_05
                0x000083e8                SchM_Enter_Gpt_GPT_EXCLUSIVE_AREA_06
                0x00008440                SchM_Exit_Gpt_GPT_EXCLUSIVE_AREA_06
                0x0000848c                SchM_Enter_Gpt_GPT_EXCLUSIVE_AREA_07
                0x000084e4                SchM_Exit_Gpt_GPT_EXCLUSIVE_AREA_07
                0x00008530                SchM_Enter_Gpt_GPT_EXCLUSIVE_AREA_10
                0x00008588                SchM_Exit_Gpt_GPT_EXCLUSIVE_AREA_10
                0x000085d4                SchM_Enter_Gpt_GPT_EXCLUSIVE_AREA_11
                0x0000862c                SchM_Exit_Gpt_GPT_EXCLUSIVE_AREA_11
                0x00008678                SchM_Enter_Gpt_GPT_EXCLUSIVE_AREA_17
                0x000086d0                SchM_Exit_Gpt_GPT_EXCLUSIVE_AREA_17
                0x0000871c                SchM_Enter_Gpt_GPT_EXCLUSIVE_AREA_21
                0x00008774                SchM_Exit_Gpt_GPT_EXCLUSIVE_AREA_21
                0x000087c0                SchM_Enter_Gpt_GPT_EXCLUSIVE_AREA_22
                0x00008818                SchM_Exit_Gpt_GPT_EXCLUSIVE_AREA_22
                0x00008864                SchM_Enter_Gpt_GPT_EXCLUSIVE_AREA_23
                0x000088bc                SchM_Exit_Gpt_GPT_EXCLUSIVE_AREA_23
                0x00008908                SchM_Enter_Gpt_GPT_EXCLUSIVE_AREA_24
                0x00008960                SchM_Exit_Gpt_GPT_EXCLUSIVE_AREA_24
                0x000089ac                SchM_Enter_Gpt_GPT_EXCLUSIVE_AREA_25
                0x00008a04                SchM_Exit_Gpt_GPT_EXCLUSIVE_AREA_25
                0x00008a50                SchM_Enter_Gpt_GPT_EXCLUSIVE_AREA_26
                0x00008aa8                SchM_Exit_Gpt_GPT_EXCLUSIVE_AREA_26
                0x00008af4                SchM_Enter_Gpt_GPT_EXCLUSIVE_AREA_29
                0x00008b4c                SchM_Exit_Gpt_GPT_EXCLUSIVE_AREA_29
                0x00008b98                SchM_Enter_Gpt_GPT_EXCLUSIVE_AREA_30
                0x00008bf0                SchM_Exit_Gpt_GPT_EXCLUSIVE_AREA_30
                0x00008c3c                SchM_Enter_Gpt_GPT_EXCLUSIVE_AREA_31
                0x00008c94                SchM_Exit_Gpt_GPT_EXCLUSIVE_AREA_31
                0x00008ce0                SchM_Enter_Gpt_GPT_EXCLUSIVE_AREA_35
                0x00008d38                SchM_Exit_Gpt_GPT_EXCLUSIVE_AREA_35
                0x00008d84                SchM_Enter_Gpt_GPT_EXCLUSIVE_AREA_36
                0x00008ddc                SchM_Exit_Gpt_GPT_EXCLUSIVE_AREA_36
                0x00008e28                SchM_Enter_Gpt_GPT_EXCLUSIVE_AREA_38
                0x00008e80                SchM_Exit_Gpt_GPT_EXCLUSIVE_AREA_38
                0x00008ecc                SchM_Enter_Gpt_GPT_EXCLUSIVE_AREA_39
                0x00008f24                SchM_Exit_Gpt_GPT_EXCLUSIVE_AREA_39
                0x00008f70                SchM_Enter_Gpt_GPT_EXCLUSIVE_AREA_40
                0x00008fc8                SchM_Exit_Gpt_GPT_EXCLUSIVE_AREA_40
                0x00009014                SchM_Enter_Gpt_GPT_EXCLUSIVE_AREA_41
                0x0000906c                SchM_Exit_Gpt_GPT_EXCLUSIVE_AREA_41
                0x000090b8                SchM_Enter_Gpt_GPT_EXCLUSIVE_AREA_42
                0x00009110                SchM_Exit_Gpt_GPT_EXCLUSIVE_AREA_42
                0x0000915c                SchM_Enter_Gpt_GPT_EXCLUSIVE_AREA_43
                0x000091b4                SchM_Exit_Gpt_GPT_EXCLUSIVE_AREA_43
                0x00009200                SchM_Enter_Gpt_GPT_EXCLUSIVE_AREA_44
                0x00009258                SchM_Exit_Gpt_GPT_EXCLUSIVE_AREA_44
                0x000092a4                SchM_Enter_Gpt_GPT_EXCLUSIVE_AREA_45
                0x000092fc                SchM_Exit_Gpt_GPT_EXCLUSIVE_AREA_45
                0x00009348                SchM_Enter_Gpt_GPT_EXCLUSIVE_AREA_46
                0x000093a0                SchM_Exit_Gpt_GPT_EXCLUSIVE_AREA_46
                0x000093ec                SchM_Enter_Gpt_GPT_EXCLUSIVE_AREA_50
                0x00009444                SchM_Exit_Gpt_GPT_EXCLUSIVE_AREA_50
                0x00009490                SchM_Enter_Gpt_GPT_EXCLUSIVE_AREA_51
                0x000094e8                SchM_Exit_Gpt_GPT_EXCLUSIVE_AREA_51
                0x00009534                SchM_Enter_Gpt_GPT_EXCLUSIVE_AREA_52
                0x0000958c                SchM_Exit_Gpt_GPT_EXCLUSIVE_AREA_52
                0x000095d8                SchM_Enter_Gpt_GPT_EXCLUSIVE_AREA_53
                0x00009630                SchM_Exit_Gpt_GPT_EXCLUSIVE_AREA_53
                0x0000967c                SchM_Enter_Gpt_GPT_EXCLUSIVE_AREA_54
                0x000096d4                SchM_Exit_Gpt_GPT_EXCLUSIVE_AREA_54
                0x00009720                SchM_Enter_Gpt_GPT_EXCLUSIVE_AREA_55
                0x00009778                SchM_Exit_Gpt_GPT_EXCLUSIVE_AREA_55
                0x000097c4                SchM_Enter_Gpt_GPT_EXCLUSIVE_AREA_56
                0x0000981c                SchM_Exit_Gpt_GPT_EXCLUSIVE_AREA_56
                0x00009868                SchM_Enter_Gpt_GPT_EXCLUSIVE_AREA_60
                0x000098c0                SchM_Exit_Gpt_GPT_EXCLUSIVE_AREA_60
                0x0000990c                SchM_Enter_Gpt_GPT_EXCLUSIVE_AREA_61
                0x00009964                SchM_Exit_Gpt_GPT_EXCLUSIVE_AREA_61
                0x000099b0                SchM_Enter_Gpt_GPT_EXCLUSIVE_AREA_62
                0x00009a08                SchM_Exit_Gpt_GPT_EXCLUSIVE_AREA_62
                0x00009a54                SchM_Enter_Gpt_GPT_EXCLUSIVE_AREA_63
                0x00009aac                SchM_Exit_Gpt_GPT_EXCLUSIVE_AREA_63
                0x00009af8                SchM_Enter_Gpt_GPT_EXCLUSIVE_AREA_64
                0x00009b50                SchM_Exit_Gpt_GPT_EXCLUSIVE_AREA_64
                0x00009b9c                SchM_Enter_Gpt_GPT_EXCLUSIVE_AREA_65
                0x00009bf4                SchM_Exit_Gpt_GPT_EXCLUSIVE_AREA_65
                0x00009c40                SchM_Enter_Gpt_GPT_EXCLUSIVE_AREA_66
                0x00009c98                SchM_Exit_Gpt_GPT_EXCLUSIVE_AREA_66
                0x00009ce4                SchM_Enter_Gpt_GPT_EXCLUSIVE_AREA_67
                0x00009d3c                SchM_Exit_Gpt_GPT_EXCLUSIVE_AREA_67
                0x00009d88                SchM_Enter_Gpt_GPT_EXCLUSIVE_AREA_68
                0x00009de0                SchM_Exit_Gpt_GPT_EXCLUSIVE_AREA_68
                0x00009e2c                SchM_Enter_Gpt_GPT_EXCLUSIVE_AREA_69
                0x00009e84                SchM_Exit_Gpt_GPT_EXCLUSIVE_AREA_69
                0x00009ed0                SchM_Enter_Gpt_GPT_EXCLUSIVE_AREA_70
                0x00009f28                SchM_Exit_Gpt_GPT_EXCLUSIVE_AREA_70
                0x00009f74                SchM_Enter_Gpt_GPT_EXCLUSIVE_AREA_71
                0x00009fcc                SchM_Exit_Gpt_GPT_EXCLUSIVE_AREA_71
                0x0000a018                SchM_Enter_Gpt_GPT_EXCLUSIVE_AREA_72
                0x0000a070                SchM_Exit_Gpt_GPT_EXCLUSIVE_AREA_72
                0x0000a0bc                SchM_Enter_Gpt_GPT_EXCLUSIVE_AREA_73
                0x0000a114                SchM_Exit_Gpt_GPT_EXCLUSIVE_AREA_73
 .mcal_text     0x0000a160      0x1ec Build/obj/SchM_Mcu.o
                0x0000a160                SchM_Enter_Mcu_MCU_EXCLUSIVE_AREA_00
                0x0000a1b8                SchM_Exit_Mcu_MCU_EXCLUSIVE_AREA_00
                0x0000a204                SchM_Enter_Mcu_MCU_EXCLUSIVE_AREA_01
                0x0000a25c                SchM_Exit_Mcu_MCU_EXCLUSIVE_AREA_01
                0x0000a2a8                SchM_Enter_Mcu_MCU_EXCLUSIVE_AREA_02
                0x0000a300                SchM_Exit_Mcu_MCU_EXCLUSIVE_AREA_02
 .mcal_text     0x0000a34c      0x148 Build/obj/SchM_Dio.o
                0x0000a34c                SchM_Enter_Dio_DIO_EXCLUSIVE_AREA_00
                0x0000a3a4                SchM_Exit_Dio_DIO_EXCLUSIVE_AREA_00
                0x0000a3f0                SchM_Enter_Dio_DIO_EXCLUSIVE_AREA_01
                0x0000a448                SchM_Exit_Dio_DIO_EXCLUSIVE_AREA_01
 .mcal_text     0x0000a494      0x164 Build/obj/Det.o
                0x0000a494                Det_Init
                0x0000a498                Det_ReportError
                0x0000a50c                Det_ReportRuntimeError
                0x0000a580                Det_ReportTransientFault
                0x0000a5f4                Det_Start
                0x0000a5f8                . = ALIGN (0x4)
                0x0000a5f8                acfls_code_rom_start = .
                0x0000a5f8                . = ALIGN (0x4)
 *(.acfls_code_rom)
                0x0000a5f8                . = ALIGN (0x4)
 *(.acmem_43_INFLS_code_rom)
                0x0000a5f8                . = ALIGN (0x4)
                0x0000a5f8                acfls_code_rom_end = .
 *(.init)
                0x0000a5f8                . = ALIGN (0x4)
 *(.fini)
                0x0000a5f8                . = ALIGN (0x4)
 *(.rodata)
 *(.rodata*)
 .rodata.Clock_Ip_axSelectorCallbacks
                0x0000a5f8       0x58 Build/obj/Clock_Ip_Selector.o
                0x0000a5f8                Clock_Ip_axSelectorCallbacks
 .rodata.Clock_Ip_au8DividerCallbackIndex
                0x0000a650        0xf Build/obj/Clock_Ip_Data.o
                0x0000a650                Clock_Ip_au8DividerCallbackIndex
 *fill*         0x0000a65f        0x1 
 .rodata.Clock_Ip_au8DividerTriggerCallbackIndex
                0x0000a660        0xf Build/obj/Clock_Ip_Data.o
                0x0000a660                Clock_Ip_au8DividerTriggerCallbackIndex
 *fill*         0x0000a66f        0x1 
 .rodata.Clock_Ip_au8XoscCallbackIndex
                0x0000a670        0xf Build/obj/Clock_Ip_Data.o
                0x0000a670                Clock_Ip_au8XoscCallbackIndex
 *fill*         0x0000a67f        0x1 
 .rodata.Clock_Ip_au8IrcoscCallbackIndex
                0x0000a680        0xf Build/obj/Clock_Ip_Data.o
                0x0000a680                Clock_Ip_au8IrcoscCallbackIndex
 *fill*         0x0000a68f        0x1 
 .rodata.Clock_Ip_au8GateCallbackIndex
                0x0000a690        0xf Build/obj/Clock_Ip_Data.o
                0x0000a690                Clock_Ip_au8GateCallbackIndex
 *fill*         0x0000a69f        0x1 
 .rodata.Clock_Ip_au8FractionalDividerCallbackIndex
                0x0000a6a0        0xf Build/obj/Clock_Ip_Data.o
                0x0000a6a0                Clock_Ip_au8FractionalDividerCallbackIndex
 *fill*         0x0000a6af        0x1 
 .rodata.Clock_Ip_au8PllCallbackIndex
                0x0000a6b0        0xf Build/obj/Clock_Ip_Data.o
                0x0000a6b0                Clock_Ip_au8PllCallbackIndex
 *fill*         0x0000a6bf        0x1 
 .rodata.Clock_Ip_au8SelectorCallbackIndex
                0x0000a6c0        0xf Build/obj/Clock_Ip_Data.o
                0x0000a6c0                Clock_Ip_au8SelectorCallbackIndex
 *fill*         0x0000a6cf        0x1 
 .rodata.Clock_Ip_au8PcfsCallbackIndex
                0x0000a6d0        0xf Build/obj/Clock_Ip_Data.o
                0x0000a6d0                Clock_Ip_au8PcfsCallbackIndex
 *fill*         0x0000a6df        0x1 
 .rodata.Clock_Ip_au8CmuCallbackIndex
                0x0000a6e0        0xf Build/obj/Clock_Ip_Data.o
                0x0000a6e0                Clock_Ip_au8CmuCallbackIndex
 *fill*         0x0000a6ef        0x1 
 .rodata.Clock_Ip_au8ClockFeatures
                0x0000a6f0      0x30f Build/obj/Clock_Ip_Data.o
                0x0000a6f0                Clock_Ip_au8ClockFeatures
 *fill*         0x0000a9ff        0x1 
 .rodata.Clock_Ip_au16SelectorEntryHardwareValue
                0x0000aa00       0x57 Build/obj/Clock_Ip_Data.o
                0x0000aa00                Clock_Ip_au16SelectorEntryHardwareValue
 *fill*         0x0000aa57        0x1 
 .rodata.Clock_Ip_au8SelectorEntryScsHardwareValue
                0x0000aa58       0x2f Build/obj/Clock_Ip_Data.o
                0x0000aa58                Clock_Ip_au8SelectorEntryScsHardwareValue
 *fill*         0x0000aa87        0x1 
 .rodata.Clock_Ip_au8SelectorEntryPcsHardwareValue
                0x0000aa88       0x2f Build/obj/Clock_Ip_Data.o
                0x0000aa88                Clock_Ip_au8SelectorEntryPcsHardwareValue
 *fill*         0x0000aab7        0x1 
 .rodata.Clock_Ip_au8SelectorEntrySIMHardwareValue
                0x0000aab8       0x2f Build/obj/Clock_Ip_Data.o
                0x0000aab8                Clock_Ip_au8SelectorEntrySIMHardwareValue
 *fill*         0x0000aae7        0x1 
 .rodata.Clock_Ip_au8DividerValueHardwareValue
                0x0000aae8       0x41 Build/obj/Clock_Ip_Data.o
                0x0000aae8                Clock_Ip_au8DividerValueHardwareValue
 *fill*         0x0000ab29        0x3 
 .rodata.Clock_Ip_apxScgPeriphAsyncDivs
                0x0000ab2c       0x10 Build/obj/Clock_Ip_Data.o
                0x0000ab2c                Clock_Ip_apxScgPeriphAsyncDivs
 .rodata.Clock_Ip_aeSourceTypeClockName
                0x0000ab3c       0xbc Build/obj/Clock_Ip_Data.o
                0x0000ab3c                Clock_Ip_aeSourceTypeClockName
 .rodata.Clock_Ip_aeHwPllName
                0x0000abf8        0x4 Build/obj/Clock_Ip_Data.o
                0x0000abf8                Clock_Ip_aeHwPllName
 .rodata.Clock_Ip_aeHwDfsName
                0x0000abfc        0x4 Build/obj/Clock_Ip_Data.o
                0x0000abfc                Clock_Ip_aeHwDfsName
 .rodata.ClockSource
                0x0000ac00       0x1c Build/obj/Clock_Ip_Specific.o
 .rodata.ResetReasonArray
                0x0000ac1c       0x3c Build/obj/Power_Ip.o
 .rodata.Clock_Ip_axExtOscCallbacks
                0x0000ac58       0x28 Build/obj/Clock_Ip_ExtOsc.o
                0x0000ac58                Clock_Ip_axExtOscCallbacks
 .rodata.Clock_Ip_axGateCallbacks
                0x0000ac80       0x38 Build/obj/Clock_Ip_Gate.o
                0x0000ac80                Clock_Ip_axGateCallbacks
 .rodata.Clock_Ip_axFracDivCallbacks
                0x0000acb8        0xc Build/obj/Clock_Ip_FracDiv.o
                0x0000acb8                Clock_Ip_axFracDivCallbacks
 .rodata.Clock_Ip_axDividerTriggerCallbacks
                0x0000acc4        0x8 Build/obj/Clock_Ip_DividerTrigger.o
                0x0000acc4                Clock_Ip_axDividerTriggerCallbacks
 .rodata.Clock_Ip_axIntOscCallbacks
                0x0000accc       0x3c Build/obj/Clock_Ip_IntOsc.o
                0x0000accc                Clock_Ip_axIntOscCallbacks
 .rodata.Clock_Ip_axCmuCallbacks
                0x0000ad08       0x10 Build/obj/Clock_Ip_Monitor.o
                0x0000ad08                Clock_Ip_axCmuCallbacks
 .rodata.Clock_Ip_axDividerCallbacks
                0x0000ad18       0x3c Build/obj/Clock_Ip_Divider.o
                0x0000ad18                Clock_Ip_axDividerCallbacks
 .rodata.Clock_Ip_axPcfsCallbacks
                0x0000ad54        0x4 Build/obj/Clock_Ip_ProgFreqSwitch.o
                0x0000ad54                Clock_Ip_axPcfsCallbacks
 .rodata.Clock_Ip_axPllCallbacks
                0x0000ad58       0x28 Build/obj/Clock_Ip_Pll.o
                0x0000ad58                Clock_Ip_axPllCallbacks
 .rodata.Port_au32PortCiPortBaseAddr
                0x0000ad80       0x14 Build/obj/Port_Ci_Port_Ip.o
                0x0000ad80                Port_au32PortCiPortBaseAddr
 .rodata.Port_au32PortCiGpioBaseAddr
                0x0000ad94       0x14 Build/obj/Port_Ci_Port_Ip.o
                0x0000ad94                Port_au32PortCiGpioBaseAddr
 .rodata.ftmGptBase
                0x0000ada8       0x10 Build/obj/Ftm_Gpt_Ip.o
                0x0000ada8                ftmGptBase
 .rodata.Mcu_aClockConfigPB
                0x0000adb8      0x3f8 Build/obj/Clock_Ip_PBcfg.o
                0x0000adb8                Mcu_aClockConfigPB
 .rodata.u8GptChannelIdToIndexMap
                0x0000b1b0        0x1 Build/obj/Gpt_PBcfg.o
 *fill*         0x0000b1b1        0x3 
 .rodata.Gpt_InitChannelPB
                0x0000b1b4       0x14 Build/obj/Gpt_PBcfg.o
 .rodata.Gpt_Config
                0x0000b1c8       0x14 Build/obj/Gpt_PBcfg.o
                0x0000b1c8                Gpt_Config
 .rodata.Mcu_Config
                0x0000b1dc       0x1c Build/obj/Mcu_PBcfg.o
                0x0000b1dc                Mcu_Config
 .rodata.g_pin_mux_InitConfigArr
                0x0000b1f8       0x28 Build/obj/Port_Ci_Port_Ip_PBcfg.o
                0x0000b1f8                g_pin_mux_InitConfigArr
 .rodata.au8Port_PartitionList
                0x0000b220        0x1 Build/obj/Port_PBcfg.o
 *fill*         0x0000b221        0x3 
 .rodata.au32Port_PinToPartitionMap
                0x0000b224        0x4 Build/obj/Port_PBcfg.o
 .rodata.Port_au16NoUnUsedPadsArrayDefault
                0x0000b228       0xa6 Build/obj/Port_PBcfg.o
 *fill*         0x0000b2ce        0x2 
 .rodata.Port_UnUsedPin
                0x0000b2d0        0xc Build/obj/Port_PBcfg.o
 .rodata.Port_aPinConfigDefault
                0x0000b2dc       0x14 Build/obj/Port_PBcfg.o
 .rodata.Port_Config
                0x0000b2f0       0x24 Build/obj/Port_PBcfg.o
                0x0000b2f0                Port_Config
 .rodata.FTM_0_InitConfig_PB
                0x0000b314       0x10 Build/obj/Ftm_Gpt_Ip_PBcfg.o
                0x0000b314                FTM_0_InitConfig_PB
 .rodata.FTM_0_ChannelConfig_PB
                0x0000b324       0x10 Build/obj/Ftm_Gpt_Ip_PBcfg.o
                0x0000b324                FTM_0_ChannelConfig_PB
 .rodata.OsIf_xPredefinedConfig
                0x0000b334        0x8 Build/obj/OsIf_Cfg.o
 .rodata.OsIf_apxPredefinedConfig
                0x0000b33c        0x4 Build/obj/OsIf_Cfg.o
                0x0000b33c                OsIf_apxPredefinedConfig
 .rodata.Power_Ip_RCM_ConfigPB
                0x0000b340        0x8 Build/obj/Power_Ip_PBcfg.o
 .rodata.Power_Ip_PMC_ConfigPB
                0x0000b348        0x3 Build/obj/Power_Ip_PBcfg.o
 *fill*         0x0000b34b        0x1 
 .rodata.Power_Ip_SMC_ConfigPB
                0x0000b34c        0x4 Build/obj/Power_Ip_PBcfg.o
 .rodata.Power_Ip_aModeConfigPB
                0x0000b350        0xc Build/obj/Power_Ip_PBcfg.o
                0x0000b350                Power_Ip_aModeConfigPB
 .rodata.Power_Ip_HwIPsConfigPB
                0x0000b35c        0xc Build/obj/Power_Ip_PBcfg.o
                0x0000b35c                Power_Ip_HwIPsConfigPB
                0x0000b368                . = ALIGN (0x4)
 *(.mcal_const_cfg)
                0x0000b368                . = ALIGN (0x4)
 *(.mcal_const)
                0x0000b368                . = ALIGN (0x4)
 *(.mcal_const_no_cacheable)
                0x0000b368                . = ALIGN (0x4)
                0x0000b368                __init_table = .
 *(.init_table)
 .init_table    0x0000b368       0x1c Build/obj/startup_cm4.o
                0x0000b384                . = ALIGN (0x4)
                0x0000b384                __zero_table = .
 *(.zero_table)
 .zero_table    0x0000b384        0xc Build/obj/startup_cm4.o
                0x0000b390                . = ALIGN (0x4)
 *(.acmcu_code_rom)
                0x0000b390                . = ALIGN (0x4)
                0x0000b390                _etext = .
                0x0000b390                __DATA_ROM = .

.glue_7         0x0000b390        0x0
 .glue_7        0x0000b390        0x0 linker stubs

.glue_7t        0x0000b390        0x0
 .glue_7t       0x0000b390        0x0 linker stubs

.vfp11_veneer   0x0000b390        0x0
 .vfp11_veneer  0x0000b390        0x0 linker stubs

.v4_bx          0x0000b390        0x0
 .v4_bx         0x0000b390        0x0 linker stubs

.iplt           0x0000b390        0x0
 .iplt          0x0000b390        0x0 Build/obj/main.o

.igot.plt       0x0000b390        0x0
 .igot.plt      0x0000b390        0x0 Build/obj/main.o
                0x0000b390                . = ALIGN (0x4)
                [!provide]                PROVIDE (__exidx_start = .)

.ARM.exidx      0x1fff8100        0x8
 *(.ARM.exidx* .gnu.linkonce.armexidx.*)
 .ARM.exidx     0x1fff8100        0x8 c:/nxp/gcc-10.2-arm32-eabi/bin/../lib/gcc/arm-none-eabi/10.2.0/thumb/v7e-m+fp/hard\libgcc.a(_udivmoddi4.o)

.rel.dyn        0x1fff8108        0x0
 .rel.iplt      0x1fff8108        0x0 Build/obj/main.o
                0x1fff8108                . = ALIGN (0x4)
                [!provide]                PROVIDE (__exidx_end = .)

.ARM.extab      0x1fff8108        0x0
 *(.ARM.extab*)
                0x1fff8108                . = ALIGN (0x4)

.sram_interrupts
                0x1fff8108      0xa08
                0x1fff8800                . = ALIGN (0x800)
 *fill*         0x1fff8108      0x6f8 
                0x1fff8800                __interrupts_ram_start = .
                0x1fff8b10                . = (. + (__interrupts_rom_end - __interrupts_rom_start))
 *fill*         0x1fff8800      0x310 
                0x1fff8b10                . = ALIGN (0x4)
                0x1fff8b10                __interrupts_ram_end = .

.sram_data      0x1fff8b10       0x50 load address 0x0000b390
                0x1fff8b10                . = ALIGN (0x4)
                0x1fff8b10                __data_ram_start = .
 *(.ramcode)
                0x1fff8b10                . = ALIGN (0x4)
 *(.data)
 *(.data*)
 .data.Clock_Ip_bFircWasEnabledBeforeMcuInit
                0x1fff8b10        0x1 Build/obj/Clock_Ip_Specific.o
 .data.Clock_Ip_bAcceptedCopyClockConfiguration
                0x1fff8b11        0x1 Build/obj/Clock_Ip_Specific.o
 *fill*         0x1fff8b12        0x2 
 .data.Power_Ip_pfReportErrorsCallback
                0x1fff8b14        0x4 Build/obj/Power_Ip.o
                0x1fff8b14                Power_Ip_pfReportErrorsCallback
 .data.Clock_Ip_bSentFromUpdateDriverContext
                0x1fff8b18        0x1 Build/obj/Clock_Ip.o
                0x1fff8b18                Clock_Ip_bSentFromUpdateDriverContext
 *fill*         0x1fff8b19        0x3 
 .data.Clock_Ip_pfkNotificationsCallback
                0x1fff8b1c        0x4 Build/obj/Clock_Ip.o
 .data.Power_Ip_pxCM4
                0x1fff8b20        0x4 Build/obj/Power_Ip_CortexM4.o
 .data.GpioBaseAdresses
                0x1fff8b24       0x14 Build/obj/Gpio_Dio_Ip.o
                0x1fff8b24                GpioBaseAdresses
 .data.Gpt_Ipw_HwInstanceConfig_PB
                0x1fff8b38       0x10 Build/obj/Gpt_Ipw_PBcfg.o
                0x1fff8b38                Gpt_Ipw_HwInstanceConfig_PB
 .data.Gpt_Ipw_ChannelConfig_PB
                0x1fff8b48       0x18 Build/obj/Gpt_Ipw_PBcfg.o
                0x1fff8b48                Gpt_Ipw_ChannelConfig_PB
                0x1fff8b60                . = ALIGN (0x4)
 *(.mcal_data)
                0x1fff8b60                . = ALIGN (0x4)
 *(.mcal_data_no_cacheable)
                0x1fff8b60                . = ALIGN (0x4)
                0x1fff8b60                __data_ram_end = .
                0x0000b3e0                __DATA_ROM_END = (__DATA_ROM + (__data_ram_end - __data_ram_start))

.sram_bss       0x1fff8b60      0x540 load address 0x0000b3e0
                0x1fff8b60                . = ALIGN (0x10)
                0x1fff8b60                __sram_bss_start = .
 *(.bss)
 *(.bss*)
 .bss.OsIf_au32InternalFrequencies
                0x1fff8b60        0x4 Build/obj/OsIf_Timer_System.o
 .bss.Clock_Ip_apConfig
                0x1fff8b64        0x4 Build/obj/Clock_Ip_Specific.o
 .bss.Clock_Ip_pxSpllClock
                0x1fff8b68        0x4 Build/obj/Clock_Ip_Specific.o
 .bss.Clock_Ip_pxSoscClock
                0x1fff8b6c        0x4 Build/obj/Clock_Ip_Specific.o
 .bss.Clock_Ip_pxFircClock
                0x1fff8b70        0x4 Build/obj/Clock_Ip_Specific.o
 .bss.Clock_Ip_pxScsRunClockSelector
                0x1fff8b74        0x4 Build/obj/Clock_Ip_Specific.o
 .bss.Clock_Ip_pxCoreRunClockDivider
                0x1fff8b78        0x4 Build/obj/Clock_Ip_Specific.o
 .bss.Clock_Ip_pxBusRunClockDivider
                0x1fff8b7c        0x4 Build/obj/Clock_Ip_Specific.o
 .bss.Clock_Ip_pxSlowRunClockDivider
                0x1fff8b80        0x4 Build/obj/Clock_Ip_Specific.o
 .bss.Clock_Ip_pxFircConfig
                0x1fff8b84        0x4 Build/obj/Clock_Ip_Specific.o
 .bss.Clock_Ip_pxSoscConfig
                0x1fff8b88        0x4 Build/obj/Clock_Ip_Specific.o
 .bss.Clock_Ip_pxSpllConfig
                0x1fff8b8c        0x4 Build/obj/Clock_Ip_Specific.o
 .bss.Clock_Ip_pxScsConfigRunMode
                0x1fff8b90        0x4 Build/obj/Clock_Ip_Specific.o
 .bss.Clock_Ip_pxScsConfigVlprMode
                0x1fff8b94        0x4 Build/obj/Clock_Ip_Specific.o
 .bss.Clock_Ip_pxCoreConfigRunMode
                0x1fff8b98        0x4 Build/obj/Clock_Ip_Specific.o
 .bss.Clock_Ip_pxCoreConfigVlprMode
                0x1fff8b9c        0x4 Build/obj/Clock_Ip_Specific.o
 .bss.Clock_Ip_pxBusConfigRunMode
                0x1fff8ba0        0x4 Build/obj/Clock_Ip_Specific.o
 .bss.Clock_Ip_pxBusConfigVlprMode
                0x1fff8ba4        0x4 Build/obj/Clock_Ip_Specific.o
 .bss.Clock_Ip_pxSlowConfigRunMode
                0x1fff8ba8        0x4 Build/obj/Clock_Ip_Specific.o
 .bss.Clock_Ip_pxSlowConfigVlprMode
                0x1fff8bac        0x4 Build/obj/Clock_Ip_Specific.o
 .bss.Clock_Ip_pxScsHsrunClockSelector
                0x1fff8bb0        0x4 Build/obj/Clock_Ip_Specific.o
 .bss.Clock_Ip_pxCoreHsrunClockDivider
                0x1fff8bb4        0x4 Build/obj/Clock_Ip_Specific.o
 .bss.Clock_Ip_pxBusHsrunClockDivider
                0x1fff8bb8        0x4 Build/obj/Clock_Ip_Specific.o
 .bss.Clock_Ip_pxSlowHsrunClockDivider
                0x1fff8bbc        0x4 Build/obj/Clock_Ip_Specific.o
 .bss.Clock_Ip_pxScsConfigHsrunMode
                0x1fff8bc0        0x4 Build/obj/Clock_Ip_Specific.o
 .bss.Clock_Ip_pxCoreConfigHsrunMode
                0x1fff8bc4        0x4 Build/obj/Clock_Ip_Specific.o
 .bss.Clock_Ip_pxBusConfigHsrunMode
                0x1fff8bc8        0x4 Build/obj/Clock_Ip_Specific.o
 .bss.Clock_Ip_pxSlowConfigHsrunMode
                0x1fff8bcc        0x4 Build/obj/Clock_Ip_Specific.o
 .bss.FircConfiguration
                0x1fff8bd0        0xc Build/obj/Clock_Ip_Specific.o
 .bss.SoscConfiguration
                0x1fff8bdc       0x14 Build/obj/Clock_Ip_Specific.o
 .bss.SpllConfiguration
                0x1fff8bf0       0x28 Build/obj/Clock_Ip_Specific.o
 .bss.SelectorConfigurations
                0x1fff8c18       0x18 Build/obj/Clock_Ip_Specific.o
 .bss.CoreDividerConfigurations
                0x1fff8c30       0x24 Build/obj/Clock_Ip_Specific.o
 .bss.BusDividerConfigurations
                0x1fff8c54       0x24 Build/obj/Clock_Ip_Specific.o
 .bss.SlowDividerConfigurations
                0x1fff8c78       0x24 Build/obj/Clock_Ip_Specific.o
 .bss.Clock_Ip_bObjsAreInitialized
                0x1fff8c9c        0x1 Build/obj/Clock_Ip_Specific.o
 *fill*         0x1fff8c9d        0x3 
 .bss.Clock_Ip_pxConfig
                0x1fff8ca0        0x4 Build/obj/Clock_Ip.o
 .bss.FunctionWasCalled
                0x1fff8ca4        0x1 Build/obj/Clock_Ip.o
 *fill*         0x1fff8ca5        0x3 
 .bss.DriverContext
                0x1fff8ca8        0x4 Build/obj/Clock_Ip.o
 .bss.Clock_Ip_FreqIds
                0x1fff8cac       0x57 Build/obj/Clock_Ip.o
                0x1fff8cac                Clock_Ip_FreqIds
 *fill*         0x1fff8d03        0x1 
 .bss.Power_Ip_u32ResetStatus
                0x1fff8d04        0x4 Build/obj/Power_Ip_RCM.o
 .bss.Mcu_au8ClockConfigIds
                0x1fff8d08        0x1 Build/obj/Mcu.o
 *fill*         0x1fff8d09        0x3 
 .bss.Mcu_au8ModeConfigIds
                0x1fff8d0c        0x1 Build/obj/Mcu.o
 *fill*         0x1fff8d0d        0x3 
 .bss.Mcu_pConfigPtr
                0x1fff8d10        0x4 Build/obj/Mcu.o
 .bss.Port_pConfigPtr
                0x1fff8d14        0x4 Build/obj/Port.o
 .bss.Gpt_eMode
                0x1fff8d18        0x4 Build/obj/Gpt.o
 .bss.Gpt_pConfig
                0x1fff8d1c        0x4 Build/obj/Gpt.o
                0x1fff8d1c                Gpt_pConfig
 .bss.Gpt_aChannelInfo
                0x1fff8d20        0x8 Build/obj/Gpt.o
 .bss.Gpt_aStopTime
                0x1fff8d28        0x4 Build/obj/Gpt.o
 .bss.Ftm_Gpt_Ip_u32TargetValue
                0x1fff8d2c       0x80 Build/obj/Ftm_Gpt_Ip.o
                0x1fff8d2c                Ftm_Gpt_Ip_u32TargetValue
 .bss.Ftm_Gpt_Ip_u32InstanceState
                0x1fff8dac       0x10 Build/obj/Ftm_Gpt_Ip.o
 .bss.msr_PORT_EXCLUSIVE_AREA_00
                0x1fff8dbc        0x4 Build/obj/SchM_Port.o
 .bss.reentry_guard_PORT_EXCLUSIVE_AREA_00
                0x1fff8dc0        0x4 Build/obj/SchM_Port.o
 .bss.msr_PORT_EXCLUSIVE_AREA_01
                0x1fff8dc4        0x4 Build/obj/SchM_Port.o
 .bss.reentry_guard_PORT_EXCLUSIVE_AREA_01
                0x1fff8dc8        0x4 Build/obj/SchM_Port.o
 .bss.msr_PORT_EXCLUSIVE_AREA_02
                0x1fff8dcc        0x4 Build/obj/SchM_Port.o
 .bss.reentry_guard_PORT_EXCLUSIVE_AREA_02
                0x1fff8dd0        0x4 Build/obj/SchM_Port.o
 .bss.msr_PORT_EXCLUSIVE_AREA_03
                0x1fff8dd4        0x4 Build/obj/SchM_Port.o
 .bss.reentry_guard_PORT_EXCLUSIVE_AREA_03
                0x1fff8dd8        0x4 Build/obj/SchM_Port.o
 .bss.msr_PORT_EXCLUSIVE_AREA_04
                0x1fff8ddc        0x4 Build/obj/SchM_Port.o
 .bss.reentry_guard_PORT_EXCLUSIVE_AREA_04
                0x1fff8de0        0x4 Build/obj/SchM_Port.o
 .bss.msr_PORT_EXCLUSIVE_AREA_05
                0x1fff8de4        0x4 Build/obj/SchM_Port.o
 .bss.reentry_guard_PORT_EXCLUSIVE_AREA_05
                0x1fff8de8        0x4 Build/obj/SchM_Port.o
 .bss.msr_PORT_EXCLUSIVE_AREA_06
                0x1fff8dec        0x4 Build/obj/SchM_Port.o
 .bss.reentry_guard_PORT_EXCLUSIVE_AREA_06
                0x1fff8df0        0x4 Build/obj/SchM_Port.o
 .bss.msr_PORT_EXCLUSIVE_AREA_07
                0x1fff8df4        0x4 Build/obj/SchM_Port.o
 .bss.reentry_guard_PORT_EXCLUSIVE_AREA_07
                0x1fff8df8        0x4 Build/obj/SchM_Port.o
 .bss.msr_PORT_EXCLUSIVE_AREA_08
                0x1fff8dfc        0x4 Build/obj/SchM_Port.o
 .bss.reentry_guard_PORT_EXCLUSIVE_AREA_08
                0x1fff8e00        0x4 Build/obj/SchM_Port.o
 .bss.msr_PORT_EXCLUSIVE_AREA_09
                0x1fff8e04        0x4 Build/obj/SchM_Port.o
 .bss.reentry_guard_PORT_EXCLUSIVE_AREA_09
                0x1fff8e08        0x4 Build/obj/SchM_Port.o
 .bss.msr_PORT_EXCLUSIVE_AREA_10
                0x1fff8e0c        0x4 Build/obj/SchM_Port.o
 .bss.reentry_guard_PORT_EXCLUSIVE_AREA_10
                0x1fff8e10        0x4 Build/obj/SchM_Port.o
 .bss.msr_PORT_EXCLUSIVE_AREA_11
                0x1fff8e14        0x4 Build/obj/SchM_Port.o
 .bss.reentry_guard_PORT_EXCLUSIVE_AREA_11
                0x1fff8e18        0x4 Build/obj/SchM_Port.o
 .bss.msr_PORT_EXCLUSIVE_AREA_12
                0x1fff8e1c        0x4 Build/obj/SchM_Port.o
 .bss.reentry_guard_PORT_EXCLUSIVE_AREA_12
                0x1fff8e20        0x4 Build/obj/SchM_Port.o
 .bss.msr_PORT_EXCLUSIVE_AREA_13
                0x1fff8e24        0x4 Build/obj/SchM_Port.o
 .bss.reentry_guard_PORT_EXCLUSIVE_AREA_13
                0x1fff8e28        0x4 Build/obj/SchM_Port.o
 .bss.msr_PORT_EXCLUSIVE_AREA_14
                0x1fff8e2c        0x4 Build/obj/SchM_Port.o
 .bss.reentry_guard_PORT_EXCLUSIVE_AREA_14
                0x1fff8e30        0x4 Build/obj/SchM_Port.o
 .bss.msr_PORT_EXCLUSIVE_AREA_15
                0x1fff8e34        0x4 Build/obj/SchM_Port.o
 .bss.reentry_guard_PORT_EXCLUSIVE_AREA_15
                0x1fff8e38        0x4 Build/obj/SchM_Port.o
 .bss.msr_PORT_EXCLUSIVE_AREA_16
                0x1fff8e3c        0x4 Build/obj/SchM_Port.o
 .bss.reentry_guard_PORT_EXCLUSIVE_AREA_16
                0x1fff8e40        0x4 Build/obj/SchM_Port.o
 .bss.msr_PORT_EXCLUSIVE_AREA_17
                0x1fff8e44        0x4 Build/obj/SchM_Port.o
 .bss.reentry_guard_PORT_EXCLUSIVE_AREA_17
                0x1fff8e48        0x4 Build/obj/SchM_Port.o
 .bss.msr_PORT_EXCLUSIVE_AREA_18
                0x1fff8e4c        0x4 Build/obj/SchM_Port.o
 .bss.reentry_guard_PORT_EXCLUSIVE_AREA_18
                0x1fff8e50        0x4 Build/obj/SchM_Port.o
 .bss.msr_PORT_EXCLUSIVE_AREA_19
                0x1fff8e54        0x4 Build/obj/SchM_Port.o
 .bss.reentry_guard_PORT_EXCLUSIVE_AREA_19
                0x1fff8e58        0x4 Build/obj/SchM_Port.o
 .bss.msr_PORT_EXCLUSIVE_AREA_20
                0x1fff8e5c        0x4 Build/obj/SchM_Port.o
 .bss.reentry_guard_PORT_EXCLUSIVE_AREA_20
                0x1fff8e60        0x4 Build/obj/SchM_Port.o
 .bss.msr_PORT_EXCLUSIVE_AREA_21
                0x1fff8e64        0x4 Build/obj/SchM_Port.o
 .bss.reentry_guard_PORT_EXCLUSIVE_AREA_21
                0x1fff8e68        0x4 Build/obj/SchM_Port.o
 .bss.msr_PORT_EXCLUSIVE_AREA_22
                0x1fff8e6c        0x4 Build/obj/SchM_Port.o
 .bss.reentry_guard_PORT_EXCLUSIVE_AREA_22
                0x1fff8e70        0x4 Build/obj/SchM_Port.o
 .bss.msr_PORT_EXCLUSIVE_AREA_23
                0x1fff8e74        0x4 Build/obj/SchM_Port.o
 .bss.reentry_guard_PORT_EXCLUSIVE_AREA_23
                0x1fff8e78        0x4 Build/obj/SchM_Port.o
 .bss.msr_PORT_EXCLUSIVE_AREA_24
                0x1fff8e7c        0x4 Build/obj/SchM_Port.o
 .bss.reentry_guard_PORT_EXCLUSIVE_AREA_24
                0x1fff8e80        0x4 Build/obj/SchM_Port.o
 .bss.msr_PORT_EXCLUSIVE_AREA_25
                0x1fff8e84        0x4 Build/obj/SchM_Port.o
 .bss.reentry_guard_PORT_EXCLUSIVE_AREA_25
                0x1fff8e88        0x4 Build/obj/SchM_Port.o
 .bss.msr_PORT_EXCLUSIVE_AREA_26
                0x1fff8e8c        0x4 Build/obj/SchM_Port.o
 .bss.reentry_guard_PORT_EXCLUSIVE_AREA_26
                0x1fff8e90        0x4 Build/obj/SchM_Port.o
 .bss.msr_PORT_EXCLUSIVE_AREA_27
                0x1fff8e94        0x4 Build/obj/SchM_Port.o
 .bss.reentry_guard_PORT_EXCLUSIVE_AREA_27
                0x1fff8e98        0x4 Build/obj/SchM_Port.o
 .bss.msr_GPT_EXCLUSIVE_AREA_00
                0x1fff8e9c        0x4 Build/obj/SchM_Gpt.o
 .bss.reentry_guard_GPT_EXCLUSIVE_AREA_00
                0x1fff8ea0        0x4 Build/obj/SchM_Gpt.o
 .bss.msr_GPT_EXCLUSIVE_AREA_01
                0x1fff8ea4        0x4 Build/obj/SchM_Gpt.o
 .bss.reentry_guard_GPT_EXCLUSIVE_AREA_01
                0x1fff8ea8        0x4 Build/obj/SchM_Gpt.o
 .bss.msr_GPT_EXCLUSIVE_AREA_02
                0x1fff8eac        0x4 Build/obj/SchM_Gpt.o
 .bss.reentry_guard_GPT_EXCLUSIVE_AREA_02
                0x1fff8eb0        0x4 Build/obj/SchM_Gpt.o
 .bss.msr_GPT_EXCLUSIVE_AREA_03
                0x1fff8eb4        0x4 Build/obj/SchM_Gpt.o
 .bss.reentry_guard_GPT_EXCLUSIVE_AREA_03
                0x1fff8eb8        0x4 Build/obj/SchM_Gpt.o
 .bss.msr_GPT_EXCLUSIVE_AREA_04
                0x1fff8ebc        0x4 Build/obj/SchM_Gpt.o
 .bss.reentry_guard_GPT_EXCLUSIVE_AREA_04
                0x1fff8ec0        0x4 Build/obj/SchM_Gpt.o
 .bss.msr_GPT_EXCLUSIVE_AREA_05
                0x1fff8ec4        0x4 Build/obj/SchM_Gpt.o
 .bss.reentry_guard_GPT_EXCLUSIVE_AREA_05
                0x1fff8ec8        0x4 Build/obj/SchM_Gpt.o
 .bss.msr_GPT_EXCLUSIVE_AREA_06
                0x1fff8ecc        0x4 Build/obj/SchM_Gpt.o
 .bss.reentry_guard_GPT_EXCLUSIVE_AREA_06
                0x1fff8ed0        0x4 Build/obj/SchM_Gpt.o
 .bss.msr_GPT_EXCLUSIVE_AREA_07
                0x1fff8ed4        0x4 Build/obj/SchM_Gpt.o
 .bss.reentry_guard_GPT_EXCLUSIVE_AREA_07
                0x1fff8ed8        0x4 Build/obj/SchM_Gpt.o
 .bss.msr_GPT_EXCLUSIVE_AREA_10
                0x1fff8edc        0x4 Build/obj/SchM_Gpt.o
 .bss.reentry_guard_GPT_EXCLUSIVE_AREA_10
                0x1fff8ee0        0x4 Build/obj/SchM_Gpt.o
 .bss.msr_GPT_EXCLUSIVE_AREA_11
                0x1fff8ee4        0x4 Build/obj/SchM_Gpt.o
 .bss.reentry_guard_GPT_EXCLUSIVE_AREA_11
                0x1fff8ee8        0x4 Build/obj/SchM_Gpt.o
 .bss.msr_GPT_EXCLUSIVE_AREA_17
                0x1fff8eec        0x4 Build/obj/SchM_Gpt.o
 .bss.reentry_guard_GPT_EXCLUSIVE_AREA_17
                0x1fff8ef0        0x4 Build/obj/SchM_Gpt.o
 .bss.msr_GPT_EXCLUSIVE_AREA_21
                0x1fff8ef4        0x4 Build/obj/SchM_Gpt.o
 .bss.reentry_guard_GPT_EXCLUSIVE_AREA_21
                0x1fff8ef8        0x4 Build/obj/SchM_Gpt.o
 .bss.msr_GPT_EXCLUSIVE_AREA_22
                0x1fff8efc        0x4 Build/obj/SchM_Gpt.o
 .bss.reentry_guard_GPT_EXCLUSIVE_AREA_22
                0x1fff8f00        0x4 Build/obj/SchM_Gpt.o
 .bss.msr_GPT_EXCLUSIVE_AREA_23
                0x1fff8f04        0x4 Build/obj/SchM_Gpt.o
 .bss.reentry_guard_GPT_EXCLUSIVE_AREA_23
                0x1fff8f08        0x4 Build/obj/SchM_Gpt.o
 .bss.msr_GPT_EXCLUSIVE_AREA_24
                0x1fff8f0c        0x4 Build/obj/SchM_Gpt.o
 .bss.reentry_guard_GPT_EXCLUSIVE_AREA_24
                0x1fff8f10        0x4 Build/obj/SchM_Gpt.o
 .bss.msr_GPT_EXCLUSIVE_AREA_25
                0x1fff8f14        0x4 Build/obj/SchM_Gpt.o
 .bss.reentry_guard_GPT_EXCLUSIVE_AREA_25
                0x1fff8f18        0x4 Build/obj/SchM_Gpt.o
 .bss.msr_GPT_EXCLUSIVE_AREA_26
                0x1fff8f1c        0x4 Build/obj/SchM_Gpt.o
 .bss.reentry_guard_GPT_EXCLUSIVE_AREA_26
                0x1fff8f20        0x4 Build/obj/SchM_Gpt.o
 .bss.msr_GPT_EXCLUSIVE_AREA_29
                0x1fff8f24        0x4 Build/obj/SchM_Gpt.o
 .bss.reentry_guard_GPT_EXCLUSIVE_AREA_29
                0x1fff8f28        0x4 Build/obj/SchM_Gpt.o
 .bss.msr_GPT_EXCLUSIVE_AREA_30
                0x1fff8f2c        0x4 Build/obj/SchM_Gpt.o
 .bss.reentry_guard_GPT_EXCLUSIVE_AREA_30
                0x1fff8f30        0x4 Build/obj/SchM_Gpt.o
 .bss.msr_GPT_EXCLUSIVE_AREA_31
                0x1fff8f34        0x4 Build/obj/SchM_Gpt.o
 .bss.reentry_guard_GPT_EXCLUSIVE_AREA_31
                0x1fff8f38        0x4 Build/obj/SchM_Gpt.o
 .bss.msr_GPT_EXCLUSIVE_AREA_35
                0x1fff8f3c        0x4 Build/obj/SchM_Gpt.o
 .bss.reentry_guard_GPT_EXCLUSIVE_AREA_35
                0x1fff8f40        0x4 Build/obj/SchM_Gpt.o
 .bss.msr_GPT_EXCLUSIVE_AREA_36
                0x1fff8f44        0x4 Build/obj/SchM_Gpt.o
 .bss.reentry_guard_GPT_EXCLUSIVE_AREA_36
                0x1fff8f48        0x4 Build/obj/SchM_Gpt.o
 .bss.msr_GPT_EXCLUSIVE_AREA_38
                0x1fff8f4c        0x4 Build/obj/SchM_Gpt.o
 .bss.reentry_guard_GPT_EXCLUSIVE_AREA_38
                0x1fff8f50        0x4 Build/obj/SchM_Gpt.o
 .bss.msr_GPT_EXCLUSIVE_AREA_39
                0x1fff8f54        0x4 Build/obj/SchM_Gpt.o
 .bss.reentry_guard_GPT_EXCLUSIVE_AREA_39
                0x1fff8f58        0x4 Build/obj/SchM_Gpt.o
 .bss.msr_GPT_EXCLUSIVE_AREA_40
                0x1fff8f5c        0x4 Build/obj/SchM_Gpt.o
 .bss.reentry_guard_GPT_EXCLUSIVE_AREA_40
                0x1fff8f60        0x4 Build/obj/SchM_Gpt.o
 .bss.msr_GPT_EXCLUSIVE_AREA_41
                0x1fff8f64        0x4 Build/obj/SchM_Gpt.o
 .bss.reentry_guard_GPT_EXCLUSIVE_AREA_41
                0x1fff8f68        0x4 Build/obj/SchM_Gpt.o
 .bss.msr_GPT_EXCLUSIVE_AREA_42
                0x1fff8f6c        0x4 Build/obj/SchM_Gpt.o
 .bss.reentry_guard_GPT_EXCLUSIVE_AREA_42
                0x1fff8f70        0x4 Build/obj/SchM_Gpt.o
 .bss.msr_GPT_EXCLUSIVE_AREA_43
                0x1fff8f74        0x4 Build/obj/SchM_Gpt.o
 .bss.reentry_guard_GPT_EXCLUSIVE_AREA_43
                0x1fff8f78        0x4 Build/obj/SchM_Gpt.o
 .bss.msr_GPT_EXCLUSIVE_AREA_44
                0x1fff8f7c        0x4 Build/obj/SchM_Gpt.o
 .bss.reentry_guard_GPT_EXCLUSIVE_AREA_44
                0x1fff8f80        0x4 Build/obj/SchM_Gpt.o
 .bss.msr_GPT_EXCLUSIVE_AREA_45
                0x1fff8f84        0x4 Build/obj/SchM_Gpt.o
 .bss.reentry_guard_GPT_EXCLUSIVE_AREA_45
                0x1fff8f88        0x4 Build/obj/SchM_Gpt.o
 .bss.msr_GPT_EXCLUSIVE_AREA_46
                0x1fff8f8c        0x4 Build/obj/SchM_Gpt.o
 .bss.reentry_guard_GPT_EXCLUSIVE_AREA_46
                0x1fff8f90        0x4 Build/obj/SchM_Gpt.o
 .bss.msr_GPT_EXCLUSIVE_AREA_50
                0x1fff8f94        0x4 Build/obj/SchM_Gpt.o
 .bss.reentry_guard_GPT_EXCLUSIVE_AREA_50
                0x1fff8f98        0x4 Build/obj/SchM_Gpt.o
 .bss.msr_GPT_EXCLUSIVE_AREA_51
                0x1fff8f9c        0x4 Build/obj/SchM_Gpt.o
 .bss.reentry_guard_GPT_EXCLUSIVE_AREA_51
                0x1fff8fa0        0x4 Build/obj/SchM_Gpt.o
 .bss.msr_GPT_EXCLUSIVE_AREA_52
                0x1fff8fa4        0x4 Build/obj/SchM_Gpt.o
 .bss.reentry_guard_GPT_EXCLUSIVE_AREA_52
                0x1fff8fa8        0x4 Build/obj/SchM_Gpt.o
 .bss.msr_GPT_EXCLUSIVE_AREA_53
                0x1fff8fac        0x4 Build/obj/SchM_Gpt.o
 .bss.reentry_guard_GPT_EXCLUSIVE_AREA_53
                0x1fff8fb0        0x4 Build/obj/SchM_Gpt.o
 .bss.msr_GPT_EXCLUSIVE_AREA_54
                0x1fff8fb4        0x4 Build/obj/SchM_Gpt.o
 .bss.reentry_guard_GPT_EXCLUSIVE_AREA_54
                0x1fff8fb8        0x4 Build/obj/SchM_Gpt.o
 .bss.msr_GPT_EXCLUSIVE_AREA_55
                0x1fff8fbc        0x4 Build/obj/SchM_Gpt.o
 .bss.reentry_guard_GPT_EXCLUSIVE_AREA_55
                0x1fff8fc0        0x4 Build/obj/SchM_Gpt.o
 .bss.msr_GPT_EXCLUSIVE_AREA_56
                0x1fff8fc4        0x4 Build/obj/SchM_Gpt.o
 .bss.reentry_guard_GPT_EXCLUSIVE_AREA_56
                0x1fff8fc8        0x4 Build/obj/SchM_Gpt.o
 .bss.msr_GPT_EXCLUSIVE_AREA_60
                0x1fff8fcc        0x4 Build/obj/SchM_Gpt.o
 .bss.reentry_guard_GPT_EXCLUSIVE_AREA_60
                0x1fff8fd0        0x4 Build/obj/SchM_Gpt.o
 .bss.msr_GPT_EXCLUSIVE_AREA_61
                0x1fff8fd4        0x4 Build/obj/SchM_Gpt.o
 .bss.reentry_guard_GPT_EXCLUSIVE_AREA_61
                0x1fff8fd8        0x4 Build/obj/SchM_Gpt.o
 .bss.msr_GPT_EXCLUSIVE_AREA_62
                0x1fff8fdc        0x4 Build/obj/SchM_Gpt.o
 .bss.reentry_guard_GPT_EXCLUSIVE_AREA_62
                0x1fff8fe0        0x4 Build/obj/SchM_Gpt.o
 .bss.msr_GPT_EXCLUSIVE_AREA_63
                0x1fff8fe4        0x4 Build/obj/SchM_Gpt.o
 .bss.reentry_guard_GPT_EXCLUSIVE_AREA_63
                0x1fff8fe8        0x4 Build/obj/SchM_Gpt.o
 .bss.msr_GPT_EXCLUSIVE_AREA_64
                0x1fff8fec        0x4 Build/obj/SchM_Gpt.o
 .bss.reentry_guard_GPT_EXCLUSIVE_AREA_64
                0x1fff8ff0        0x4 Build/obj/SchM_Gpt.o
 .bss.msr_GPT_EXCLUSIVE_AREA_65
                0x1fff8ff4        0x4 Build/obj/SchM_Gpt.o
 .bss.reentry_guard_GPT_EXCLUSIVE_AREA_65
                0x1fff8ff8        0x4 Build/obj/SchM_Gpt.o
 .bss.msr_GPT_EXCLUSIVE_AREA_66
                0x1fff8ffc        0x4 Build/obj/SchM_Gpt.o
 .bss.reentry_guard_GPT_EXCLUSIVE_AREA_66
                0x1fff9000        0x4 Build/obj/SchM_Gpt.o
 .bss.msr_GPT_EXCLUSIVE_AREA_67
                0x1fff9004        0x4 Build/obj/SchM_Gpt.o
 .bss.reentry_guard_GPT_EXCLUSIVE_AREA_67
                0x1fff9008        0x4 Build/obj/SchM_Gpt.o
 .bss.msr_GPT_EXCLUSIVE_AREA_68
                0x1fff900c        0x4 Build/obj/SchM_Gpt.o
 .bss.reentry_guard_GPT_EXCLUSIVE_AREA_68
                0x1fff9010        0x4 Build/obj/SchM_Gpt.o
 .bss.msr_GPT_EXCLUSIVE_AREA_69
                0x1fff9014        0x4 Build/obj/SchM_Gpt.o
 .bss.reentry_guard_GPT_EXCLUSIVE_AREA_69
                0x1fff9018        0x4 Build/obj/SchM_Gpt.o
 .bss.msr_GPT_EXCLUSIVE_AREA_70
                0x1fff901c        0x4 Build/obj/SchM_Gpt.o
 .bss.reentry_guard_GPT_EXCLUSIVE_AREA_70
                0x1fff9020        0x4 Build/obj/SchM_Gpt.o
 .bss.msr_GPT_EXCLUSIVE_AREA_71
                0x1fff9024        0x4 Build/obj/SchM_Gpt.o
 .bss.reentry_guard_GPT_EXCLUSIVE_AREA_71
                0x1fff9028        0x4 Build/obj/SchM_Gpt.o
 .bss.msr_GPT_EXCLUSIVE_AREA_72
                0x1fff902c        0x4 Build/obj/SchM_Gpt.o
 .bss.reentry_guard_GPT_EXCLUSIVE_AREA_72
                0x1fff9030        0x4 Build/obj/SchM_Gpt.o
 .bss.msr_GPT_EXCLUSIVE_AREA_73
                0x1fff9034        0x4 Build/obj/SchM_Gpt.o
 .bss.reentry_guard_GPT_EXCLUSIVE_AREA_73
                0x1fff9038        0x4 Build/obj/SchM_Gpt.o
 .bss.msr_MCU_EXCLUSIVE_AREA_00
                0x1fff903c        0x4 Build/obj/SchM_Mcu.o
 .bss.reentry_guard_MCU_EXCLUSIVE_AREA_00
                0x1fff9040        0x4 Build/obj/SchM_Mcu.o
 .bss.msr_MCU_EXCLUSIVE_AREA_01
                0x1fff9044        0x4 Build/obj/SchM_Mcu.o
 .bss.reentry_guard_MCU_EXCLUSIVE_AREA_01
                0x1fff9048        0x4 Build/obj/SchM_Mcu.o
 .bss.msr_MCU_EXCLUSIVE_AREA_02
                0x1fff904c        0x4 Build/obj/SchM_Mcu.o
 .bss.reentry_guard_MCU_EXCLUSIVE_AREA_02
                0x1fff9050        0x4 Build/obj/SchM_Mcu.o
 .bss.msr_DIO_EXCLUSIVE_AREA_00
                0x1fff9054        0x4 Build/obj/SchM_Dio.o
 .bss.reentry_guard_DIO_EXCLUSIVE_AREA_00
                0x1fff9058        0x4 Build/obj/SchM_Dio.o
 .bss.msr_DIO_EXCLUSIVE_AREA_01
                0x1fff905c        0x4 Build/obj/SchM_Dio.o
 .bss.reentry_guard_DIO_EXCLUSIVE_AREA_01
                0x1fff9060        0x4 Build/obj/SchM_Dio.o
 .bss.Det_InstanceId
                0x1fff9064        0x1 Build/obj/Det.o
                0x1fff9064                Det_InstanceId
 *fill*         0x1fff9065        0x3 
 .bss.Det_ApiId
                0x1fff9068        0x1 Build/obj/Det.o
                0x1fff9068                Det_ApiId
 *fill*         0x1fff9069        0x3 
 .bss.Det_ErrorId
                0x1fff906c        0x1 Build/obj/Det.o
                0x1fff906c                Det_ErrorId
 *fill*         0x1fff906d        0x3 
 .bss.Det_RuntimeInstanceId
                0x1fff9070        0x1 Build/obj/Det.o
                0x1fff9070                Det_RuntimeInstanceId
 *fill*         0x1fff9071        0x3 
 .bss.Det_RuntimeApiId
                0x1fff9074        0x1 Build/obj/Det.o
                0x1fff9074                Det_RuntimeApiId
 *fill*         0x1fff9075        0x3 
 .bss.Det_RuntimeErrorId
                0x1fff9078        0x1 Build/obj/Det.o
                0x1fff9078                Det_RuntimeErrorId
 *fill*         0x1fff9079        0x3 
 .bss.Det_TransientInstanceId
                0x1fff907c        0x1 Build/obj/Det.o
                0x1fff907c                Det_TransientInstanceId
 *fill*         0x1fff907d        0x3 
 .bss.Det_TransientApiId
                0x1fff9080        0x1 Build/obj/Det.o
                0x1fff9080                Det_TransientApiId
 *fill*         0x1fff9081        0x3 
 .bss.Det_TransientFaultId
                0x1fff9084        0x1 Build/obj/Det.o
                0x1fff9084                Det_TransientFaultId
 *fill*         0x1fff9085        0x3 
 .bss.Det_TransientModuleId
                0x1fff9088        0x2 Build/obj/Det.o
                0x1fff9088                Det_TransientModuleId
 *fill*         0x1fff908a        0x2 
 .bss.Det_ModuleId
                0x1fff908c        0x2 Build/obj/Det.o
                0x1fff908c                Det_ModuleId
 *fill*         0x1fff908e        0x2 
 .bss.Det_RuntimeModuleId
                0x1fff9090        0x2 Build/obj/Det.o
                0x1fff9090                Det_RuntimeModuleId
 *fill*         0x1fff9092        0x2 
 .bss.RESET_CATCH_CORE
                0x1fff9094        0x4 Build/obj/system.o
                0x1fff9094                RESET_CATCH_CORE
                0x1fff90a0                . = ALIGN (0x10)
 *fill*         0x1fff9098        0x8 
 *(.mcal_bss)
                0x1fff90a0                . = ALIGN (0x10)
                0x1fff90a0                __non_cacheable_bss_start = .
 *(.mcal_bss_no_cacheable)
                0x1fff90a0                . = ALIGN (0x4)
                0x1fff90a0                __non_cacheable_bss_end = .
                0x1fff90a0                __sram_bss_end = .

.acfls_code_ram
                0x1fff90a0        0x0
                0x1fff90a0                . = (. + (acfls_code_rom_end - acfls_code_rom_start))

.heap           0x1fff90a0      0x200 load address 0x0000b920
                0x1fff90a0                . = ALIGN (0x4)
                0x1fff90a0                _end = .
                0x1fff90a0                end = .
                0x1fff90a0                _heap_start = .
                0x1fff92a0                . = (. + HEAP_SIZE)
 *fill*         0x1fff90a0      0x200 
                0x1fff92a0                _heap_end = .

int_results     0x1fff8000      0x100
                0x1fff8000                . = ALIGN (0x4)
 *(.int_results)
                0x1fff8100                . = (. + 0x100)
 *fill*         0x1fff8000      0x100 
                0x20006000                __Stack_end_c0 = ORIGIN (int_sram_stack_c0)
                0x20007000                __Stack_start_c0 = (ORIGIN (int_sram_stack_c0) + LENGTH (int_sram_stack_c0))
                0x1fff8000                __INT_SRAM_START = ORIGIN (int_sram_results)
                0x20007000                __INT_SRAM_END = ORIGIN (ram_rsvd2)
                0x1fff8b10                __RAM_INIT_START = __data_ram_start
                0x1fff8b60                __RAM_INIT_END = __data_ram_end
                0x0000b390                __ROM_INIT_START = __DATA_ROM
                0x0000b3e0                __ROM_INIT_END = __DATA_ROM_END
                0x1fff8b60                __BSS_SRAM_START = __sram_bss_start
                0x1fff90a0                __BSS_SRAM_END = __sram_bss_end
                0x00000540                __BSS_SRAM_SIZE = (__sram_bss_end - __sram_bss_start)
                0x1fff8800                __RAM_INTERRUPT_START = __interrupts_ram_start
                0x00000000                __ROM_INTERRUPT_START = __interrupts_rom_start
                0x00000310                __ROM_INTERRUPT_END = __interrupts_rom_end
                0x0000b368                __INIT_TABLE = __init_table
                0x0000b384                __ZERO_TABLE = __zero_table
                0x00000001                __RAM_INIT = 0x1
                0x0000a5f8                Fls_ACEraseRomStart = acfls_code_rom_start
                0x0000a5f8                Fls_ACEraseRomEnd = acfls_code_rom_end
                0x00000000                Fls_ACEraseSize = (acfls_code_rom_end - acfls_code_rom_start)
                0x0000a5f8                Fls_ACWriteRomStart = acfls_code_rom_start
                0x0000a5f8                Fls_ACWriteRomEnd = acfls_code_rom_end
                0x00000000                Fls_ACWriteSize = (acfls_code_rom_end - acfls_code_rom_start)
                0x1fff90a0                _ERASE_FUNC_ADDRESS_ = ADDR (.acfls_code_ram)
                0x1fff90a0                _WRITE_FUNC_ADDRESS_ = ADDR (.acfls_code_ram)
                0x1fff8800                __ENTRY_VTABLE = __RAM_INTERRUPT_START
OUTPUT(Build/temp.elf elf32-littlearm)
LOAD linker stubs

.debug_info     0x00000000    0x1aca3
 .debug_info    0x00000000     0x1a01 Build/obj/main.o
 .debug_info    0x00001a01      0x2c1 Build/obj/OsIf_Timer_System.o
 .debug_info    0x00001cc2      0x188 Build/obj/OsIf_Timer_System_Internal_Systick.o
 .debug_info    0x00001e4a      0x2b6 Build/obj/OsIf_Timer.o
 .debug_info    0x00002100     0x100c Build/obj/Clock_Ip_Selector.o
 .debug_info    0x0000310c      0x825 Build/obj/Clock_Ip_Data.o
 .debug_info    0x00003931     0x1ab1 Build/obj/Clock_Ip_Specific.o
 .debug_info    0x000053e2      0x51f Build/obj/Power_Ip.o
 .debug_info    0x00005901      0x8ae Build/obj/Clock_Ip_ExtOsc.o
 .debug_info    0x000061af     0x1a90 Build/obj/Clock_Ip.o
 .debug_info    0x00007c3f      0x2fd Build/obj/Power_Ip_RCM.o
 .debug_info    0x00007f3c     0x1105 Build/obj/Mcu.o
 .debug_info    0x00009041      0x309 Build/obj/Clock_Ip_Frequency.o
 .debug_info    0x0000934a      0xa42 Build/obj/Clock_Ip_Gate.o
 .debug_info    0x00009d8c      0x1ae Build/obj/Power_Ip_CortexM4.o
 .debug_info    0x00009f3a      0x495 Build/obj/Clock_Ip_FracDiv.o
 .debug_info    0x0000a3cf      0x401 Build/obj/Clock_Ip_DividerTrigger.o
 .debug_info    0x0000a7d0      0xc89 Build/obj/Clock_Ip_IntOsc.o
 .debug_info    0x0000b459      0x18e Build/obj/Power_Ip_PMC.o
 .debug_info    0x0000b5e7      0x529 Build/obj/Clock_Ip_Monitor.o
 .debug_info    0x0000bb10      0xeab Build/obj/Mcu_Ipw.o
 .debug_info    0x0000c9bb      0xd4d Build/obj/Clock_Ip_Divider.o
 .debug_info    0x0000d708      0x292 Build/obj/Power_Ip_Private.o
 .debug_info    0x0000d99a      0x394 Build/obj/Power_Ip_SMC.o
 .debug_info    0x0000dd2e      0x411 Build/obj/Clock_Ip_ProgFreqSwitch.o
 .debug_info    0x0000e13f      0x9bc Build/obj/Clock_Ip_Pll.o
 .debug_info    0x0000eafb      0x9fe Build/obj/Port_Ci_Port_Ip.o
 .debug_info    0x0000f4f9      0x6a4 Build/obj/Port.o
 .debug_info    0x0000fb9d      0x7b7 Build/obj/Port_Ipw.o
 .debug_info    0x00010354      0x4c6 Build/obj/Dio_Ipw.o
 .debug_info    0x0001081a      0x389 Build/obj/Gpio_Dio_Ip.o
 .debug_info    0x00010ba3      0x306 Build/obj/Dio.o
 .debug_info    0x00010ea9      0xcc7 Build/obj/Gpt.o
 .debug_info    0x00011b70      0xa13 Build/obj/Ftm_Gpt_Ip.o
 .debug_info    0x00012583      0xc9b Build/obj/Gpt_Ipw.o
 .debug_info    0x0001321e      0xf7e Build/obj/SchM_Port.o
 .debug_info    0x0001419c     0x1bde Build/obj/SchM_Gpt.o
 .debug_info    0x00015d7a      0x29a Build/obj/SchM_Mcu.o
 .debug_info    0x00016014      0x216 Build/obj/SchM_Dio.o
 .debug_info    0x0001622a      0x3b2 Build/obj/Det.o
 .debug_info    0x000165dc      0x238 Build/obj/startup.o
 .debug_info    0x00016814      0x447 Build/obj/system.o
 .debug_info    0x00016c5b      0x139 Build/obj/exceptions.o
 .debug_info    0x00016d94      0xba7 Build/obj/Clock_Ip_PBcfg.o
 .debug_info    0x0001793b      0x7ca Build/obj/Gpt_PBcfg.o
 .debug_info    0x00018105      0xe6e Build/obj/Mcu_PBcfg.o
 .debug_info    0x00018f73      0x421 Build/obj/Port_Ci_Port_Ip_PBcfg.o
 .debug_info    0x00019394      0x72b Build/obj/Port_PBcfg.o
 .debug_info    0x00019abf      0x62b Build/obj/Gpt_Ipw_PBcfg.o
 .debug_info    0x0001a0ea      0x232 Build/obj/Ftm_Gpt_Ip_PBcfg.o
 .debug_info    0x0001a31c      0x13e Build/obj/OsIf_Cfg.o
 .debug_info    0x0001a45a      0x2dc Build/obj/Power_Ip_PBcfg.o
 .debug_info    0x0001a736       0x26 c:/nxp/gcc-10.2-arm32-eabi/bin/../lib/gcc/arm-none-eabi/10.2.0/thumb/v7e-m+fp/hard\libgcc.a(_aeabi_uldivmod.o)
 .debug_info    0x0001a75c      0x521 c:/nxp/gcc-10.2-arm32-eabi/bin/../lib/gcc/arm-none-eabi/10.2.0/thumb/v7e-m+fp/hard\libgcc.a(_udivmoddi4.o)
 .debug_info    0x0001ac7d       0x26 c:/nxp/gcc-10.2-arm32-eabi/bin/../lib/gcc/arm-none-eabi/10.2.0/thumb/v7e-m+fp/hard\libgcc.a(_dvmd_tls.o)

.debug_abbrev   0x00000000     0x449a
 .debug_abbrev  0x00000000      0x19d Build/obj/main.o
 .debug_abbrev  0x0000019d      0x107 Build/obj/OsIf_Timer_System.o
 .debug_abbrev  0x000002a4      0x10b Build/obj/OsIf_Timer_System_Internal_Systick.o
 .debug_abbrev  0x000003af      0x12a Build/obj/OsIf_Timer.o
 .debug_abbrev  0x000004d9      0x1e8 Build/obj/Clock_Ip_Selector.o
 .debug_abbrev  0x000006c1      0x12c Build/obj/Clock_Ip_Data.o
 .debug_abbrev  0x000007ed      0x254 Build/obj/Clock_Ip_Specific.o
 .debug_abbrev  0x00000a41      0x1ad Build/obj/Power_Ip.o
 .debug_abbrev  0x00000bee      0x1ec Build/obj/Clock_Ip_ExtOsc.o
 .debug_abbrev  0x00000dda      0x24d Build/obj/Clock_Ip.o
 .debug_abbrev  0x00001027      0x14a Build/obj/Power_Ip_RCM.o
 .debug_abbrev  0x00001171      0x1c2 Build/obj/Mcu.o
 .debug_abbrev  0x00001333       0x92 Build/obj/Clock_Ip_Frequency.o
 .debug_abbrev  0x000013c5      0x1e8 Build/obj/Clock_Ip_Gate.o
 .debug_abbrev  0x000015ad       0xc4 Build/obj/Power_Ip_CortexM4.o
 .debug_abbrev  0x00001671      0x14f Build/obj/Clock_Ip_FracDiv.o
 .debug_abbrev  0x000017c0      0x117 Build/obj/Clock_Ip_DividerTrigger.o
 .debug_abbrev  0x000018d7      0x208 Build/obj/Clock_Ip_IntOsc.o
 .debug_abbrev  0x00001adf       0xc1 Build/obj/Power_Ip_PMC.o
 .debug_abbrev  0x00001ba0      0x12f Build/obj/Clock_Ip_Monitor.o
 .debug_abbrev  0x00001ccf      0x14a Build/obj/Mcu_Ipw.o
 .debug_abbrev  0x00001e19      0x1e8 Build/obj/Clock_Ip_Divider.o
 .debug_abbrev  0x00002001      0x138 Build/obj/Power_Ip_Private.o
 .debug_abbrev  0x00002139      0x15c Build/obj/Power_Ip_SMC.o
 .debug_abbrev  0x00002295      0x115 Build/obj/Clock_Ip_ProgFreqSwitch.o
 .debug_abbrev  0x000023aa      0x22f Build/obj/Clock_Ip_Pll.o
 .debug_abbrev  0x000025d9      0x211 Build/obj/Port_Ci_Port_Ip.o
 .debug_abbrev  0x000027ea      0x148 Build/obj/Port.o
 .debug_abbrev  0x00002932      0x17d Build/obj/Port_Ipw.o
 .debug_abbrev  0x00002aaf      0x17d Build/obj/Dio_Ipw.o
 .debug_abbrev  0x00002c2c      0x17f Build/obj/Gpio_Dio_Ip.o
 .debug_abbrev  0x00002dab       0xf3 Build/obj/Dio.o
 .debug_abbrev  0x00002e9e      0x1ae Build/obj/Gpt.o
 .debug_abbrev  0x0000304c      0x192 Build/obj/Ftm_Gpt_Ip.o
 .debug_abbrev  0x000031de      0x22b Build/obj/Gpt_Ipw.o
 .debug_abbrev  0x00003409       0xc0 Build/obj/SchM_Port.o
 .debug_abbrev  0x000034c9       0xc0 Build/obj/SchM_Gpt.o
 .debug_abbrev  0x00003589       0xc0 Build/obj/SchM_Mcu.o
 .debug_abbrev  0x00003649       0xc0 Build/obj/SchM_Dio.o
 .debug_abbrev  0x00003709      0x124 Build/obj/Det.o
 .debug_abbrev  0x0000382d       0xcb Build/obj/startup.o
 .debug_abbrev  0x000038f8      0x155 Build/obj/system.o
 .debug_abbrev  0x00003a4d       0x47 Build/obj/exceptions.o
 .debug_abbrev  0x00003a94      0x101 Build/obj/Clock_Ip_PBcfg.o
 .debug_abbrev  0x00003b95      0x13a Build/obj/Gpt_PBcfg.o
 .debug_abbrev  0x00003ccf      0x11f Build/obj/Mcu_PBcfg.o
 .debug_abbrev  0x00003dee      0x101 Build/obj/Port_Ci_Port_Ip_PBcfg.o
 .debug_abbrev  0x00003eef      0x134 Build/obj/Port_PBcfg.o
 .debug_abbrev  0x00004023       0xc8 Build/obj/Gpt_Ipw_PBcfg.o
 .debug_abbrev  0x000040eb       0xc8 Build/obj/Ftm_Gpt_Ip_PBcfg.o
 .debug_abbrev  0x000041b3       0x9e Build/obj/OsIf_Cfg.o
 .debug_abbrev  0x00004251       0xff Build/obj/Power_Ip_PBcfg.o
 .debug_abbrev  0x00004350       0x14 c:/nxp/gcc-10.2-arm32-eabi/bin/../lib/gcc/arm-none-eabi/10.2.0/thumb/v7e-m+fp/hard\libgcc.a(_aeabi_uldivmod.o)
 .debug_abbrev  0x00004364      0x122 c:/nxp/gcc-10.2-arm32-eabi/bin/../lib/gcc/arm-none-eabi/10.2.0/thumb/v7e-m+fp/hard\libgcc.a(_udivmoddi4.o)
 .debug_abbrev  0x00004486       0x14 c:/nxp/gcc-10.2-arm32-eabi/bin/../lib/gcc/arm-none-eabi/10.2.0/thumb/v7e-m+fp/hard\libgcc.a(_dvmd_tls.o)

.debug_aranges  0x00000000     0x14d0
 .debug_aranges
                0x00000000       0x28 Build/obj/main.o
 .debug_aranges
                0x00000028       0x40 Build/obj/OsIf_Timer_System.o
 .debug_aranges
                0x00000068       0x30 Build/obj/OsIf_Timer_System_Internal_Systick.o
 .debug_aranges
                0x00000098       0x60 Build/obj/OsIf_Timer.o
 .debug_aranges
                0x000000f8      0x150 Build/obj/Clock_Ip_Selector.o
 .debug_aranges
                0x00000248       0x18 Build/obj/Clock_Ip_Data.o
 .debug_aranges
                0x00000260       0x88 Build/obj/Clock_Ip_Specific.o
 .debug_aranges
                0x000002e8       0x58 Build/obj/Power_Ip.o
 .debug_aranges
                0x00000340       0x70 Build/obj/Clock_Ip_ExtOsc.o
 .debug_aranges
                0x000003b0       0xa0 Build/obj/Clock_Ip.o
 .debug_aranges
                0x00000450       0x30 Build/obj/Power_Ip_RCM.o
 .debug_aranges
                0x00000480       0x60 Build/obj/Mcu.o
 .debug_aranges
                0x000004e0       0x20 Build/obj/Clock_Ip_Frequency.o
 .debug_aranges
                0x00000500       0xb8 Build/obj/Clock_Ip_Gate.o
 .debug_aranges
                0x000005b8       0x38 Build/obj/Power_Ip_CortexM4.o
 .debug_aranges
                0x000005f0       0x28 Build/obj/Clock_Ip_FracDiv.o
 .debug_aranges
                0x00000618       0x20 Build/obj/Clock_Ip_DividerTrigger.o
 .debug_aranges
                0x00000638       0xf0 Build/obj/Clock_Ip_IntOsc.o
 .debug_aranges
                0x00000728       0x20 Build/obj/Power_Ip_PMC.o
 .debug_aranges
                0x00000748       0x30 Build/obj/Clock_Ip_Monitor.o
 .debug_aranges
                0x00000778       0x48 Build/obj/Mcu_Ipw.o
 .debug_aranges
                0x000007c0      0x100 Build/obj/Clock_Ip_Divider.o
 .debug_aranges
                0x000008c0       0x38 Build/obj/Power_Ip_Private.o
 .debug_aranges
                0x000008f8       0x30 Build/obj/Power_Ip_SMC.o
 .debug_aranges
                0x00000928       0x20 Build/obj/Clock_Ip_ProgFreqSwitch.o
 .debug_aranges
                0x00000948       0x78 Build/obj/Clock_Ip_Pll.o
 .debug_aranges
                0x000009c0       0x60 Build/obj/Port_Ci_Port_Ip.o
 .debug_aranges
                0x00000a20       0x28 Build/obj/Port.o
 .debug_aranges
                0x00000a48       0x30 Build/obj/Port_Ipw.o
 .debug_aranges
                0x00000a78       0x50 Build/obj/Dio_Ipw.o
 .debug_aranges
                0x00000ac8       0x58 Build/obj/Gpio_Dio_Ip.o
 .debug_aranges
                0x00000b20       0x50 Build/obj/Dio.o
 .debug_aranges
                0x00000b70       0x70 Build/obj/Gpt.o
 .debug_aranges
                0x00000be0       0xc8 Build/obj/Ftm_Gpt_Ip.o
 .debug_aranges
                0x00000ca8       0x78 Build/obj/Gpt_Ipw.o
 .debug_aranges
                0x00000d20      0x1e0 Build/obj/SchM_Port.o
 .debug_aranges
                0x00000f00      0x360 Build/obj/SchM_Gpt.o
 .debug_aranges
                0x00001260       0x50 Build/obj/SchM_Mcu.o
 .debug_aranges
                0x000012b0       0x40 Build/obj/SchM_Dio.o
 .debug_aranges
                0x000012f0       0x40 Build/obj/Det.o
 .debug_aranges
                0x00001330       0x20 Build/obj/startup.o
 .debug_aranges
                0x00001350       0x40 Build/obj/system.o
 .debug_aranges
                0x00001390       0x68 Build/obj/exceptions.o
 .debug_aranges
                0x000013f8       0x18 Build/obj/Clock_Ip_PBcfg.o
 .debug_aranges
                0x00001410       0x18 Build/obj/Gpt_PBcfg.o
 .debug_aranges
                0x00001428       0x18 Build/obj/Mcu_PBcfg.o
 .debug_aranges
                0x00001440       0x18 Build/obj/Port_Ci_Port_Ip_PBcfg.o
 .debug_aranges
                0x00001458       0x18 Build/obj/Port_PBcfg.o
 .debug_aranges
                0x00001470       0x18 Build/obj/Gpt_Ipw_PBcfg.o
 .debug_aranges
                0x00001488       0x18 Build/obj/Ftm_Gpt_Ip_PBcfg.o
 .debug_aranges
                0x000014a0       0x18 Build/obj/OsIf_Cfg.o
 .debug_aranges
                0x000014b8       0x18 Build/obj/Power_Ip_PBcfg.o

.debug_ranges   0x00000000     0x1230
 .debug_ranges  0x00000000       0x18 Build/obj/main.o
 .debug_ranges  0x00000018       0x30 Build/obj/OsIf_Timer_System.o
 .debug_ranges  0x00000048       0x20 Build/obj/OsIf_Timer_System_Internal_Systick.o
 .debug_ranges  0x00000068       0x50 Build/obj/OsIf_Timer.o
 .debug_ranges  0x000000b8      0x140 Build/obj/Clock_Ip_Selector.o
 .debug_ranges  0x000001f8       0x78 Build/obj/Clock_Ip_Specific.o
 .debug_ranges  0x00000270       0x48 Build/obj/Power_Ip.o
 .debug_ranges  0x000002b8       0x60 Build/obj/Clock_Ip_ExtOsc.o
 .debug_ranges  0x00000318       0x90 Build/obj/Clock_Ip.o
 .debug_ranges  0x000003a8       0x20 Build/obj/Power_Ip_RCM.o
 .debug_ranges  0x000003c8       0x50 Build/obj/Mcu.o
 .debug_ranges  0x00000418       0x10 Build/obj/Clock_Ip_Frequency.o
 .debug_ranges  0x00000428       0xa8 Build/obj/Clock_Ip_Gate.o
 .debug_ranges  0x000004d0       0x28 Build/obj/Power_Ip_CortexM4.o
 .debug_ranges  0x000004f8       0x18 Build/obj/Clock_Ip_FracDiv.o
 .debug_ranges  0x00000510       0x10 Build/obj/Clock_Ip_DividerTrigger.o
 .debug_ranges  0x00000520       0xe0 Build/obj/Clock_Ip_IntOsc.o
 .debug_ranges  0x00000600       0x10 Build/obj/Power_Ip_PMC.o
 .debug_ranges  0x00000610       0x20 Build/obj/Clock_Ip_Monitor.o
 .debug_ranges  0x00000630       0x38 Build/obj/Mcu_Ipw.o